ESP-ROM:esp32s3-20210327
Build:Mar 27 2021
rst:0x1 (POWERON),boot:0x8 (SPI_FAST_FLASH_BOOT)
SPIWP:0xee
mode:DIO, clock div:1
load:0x3fce2810,len:0x178c
load:0x403c8700,len:0x4
load:0x403c8704,len:0xcb8
load:0x403cb700,len:0x2db0
entry 0x403c8914
[0;32mI (27) boot: ESP-IDF v5.3 2nd stage bootloader[0m
[0;32mI (27) boot: compile time Sep 17 2024 10:53:55[0m
[0;32mI (27) boot: Multicore bootloader[0m
[0;32mI (30) boot: chip revision: v0.2[0m
[0;32mI (34) boot.esp32s3: Boot SPI Speed : 80MHz[0m
[0;32mI (38) boot.esp32s3: SPI Mode       : DIO[0m
[0;32mI (43) boot.esp32s3: SPI Flash Size : 8MB[0m
[0;32mI (48) boot: Enabling RNG early entropy source...[0m
[0;32mI (53) boot: Partition Table:[0m
[0;32mI (57) boot: ## Label            Usage          Type ST Offset   Length[0m
[0;32mI (64) boot:  0 nvs              WiFi data        01 02 00009000 00006000[0m
[0;32mI (71) boot:  1 phy_init         RF data          01 01 0000f000 00001000[0m
[0;32mI (79) boot:  2 factory          factory app      00 00 00010000 00100000[0m
[0;32mI (86) boot:  3 storage          Unknown data     01 81 00110000 00084000[0m
[0;32mI (94) boot: End of partition table[0m
[0;32mI (98) esp_image: segment 0: paddr=00010020 vaddr=3c060020 size=1890ch (100620) map[0m
[0;32mI (125) esp_image: segment 1: paddr=00028934 vaddr=3fc99600 size=03888h ( 14472) load[0m
[0;32mI (128) esp_image: segment 2: paddr=0002c1c4 vaddr=40374000 size=03e54h ( 15956) load[0m
[0;32mI (134) esp_image: segment 3: paddr=00030020 vaddr=42000020 size=57d1ch (359708) map[0m
[0;32mI (203) esp_image: segment 4: paddr=00087d44 vaddr=40377e54 size=11758h ( 71512) load[0m
[0;32mI (228) boot: Loaded app from partition at offset 0x10000[0m
[0;32mI (228) boot: Disabling RNG early entropy source...[0m
[0;33mW (239) flash HPM: HPM mode is optional feature that depends on flash model. Read Docs First![0m
[0;33mW (240) flash HPM: HPM mode with DC adjustment is disabled. Some flash models may not be supported. Read Docs First![0m
[0;33mW (249) flash HPM: High performance mode of this flash model hasn't been supported.[0m
[0;32mI (257) MSPI Timing: Flash timing tuning index: 2[0m
[0;32mI (262) octal_psram: vendor id    : 0x0d (AP)[0m
[0;32mI (267) octal_psram: dev id       : 0x02 (generation 3)[0m
[0;32mI (273) octal_psram: density      : 0x03 (64 Mbit)[0m
[0;32mI (279) octal_psram: good-die     : 0x01 (Pass)[0m
[0;32mI (284) octal_psram: Latency      : 0x01 (Fixed)[0m
[0;32mI (289) octal_psram: VCC          : 0x01 (3V)[0m
[0;32mI (294) octal_psram: SRF          : 0x01 (Fast Refresh)[0m
[0;32mI (300) octal_psram: BurstType    : 0x01 (Hybrid Wrap)[0m
[0;32mI (306) octal_psram: BurstLen     : 0x01 (32 Byte)[0m
[0;32mI (311) octal_psram: Readlatency  : 0x02 (10 cycles@Fixed)[0m
[0;32mI (318) octal_psram: DriveStrength: 0x00 (1/1)[0m
[0;32mI (330) MSPI Timing: PSRAM timing tuning index: 2[0m
[0;32mI (331) esp_psram: Found 8MB PSRAM device[0m
[0;32mI (333) esp_psram: Speed: 120MHz[0m
[0;32mI (346) mmu_psram: Read only data copied and mapped to SPIRAM[0m
[0;32mI (377) mmu_psram: Instructions copied and mapped to SPIRAM[0m
[0;32mI (377) cpu_start: Multicore app[0m
[0;32mI (663) esp_psram: SPI SRAM memory test OK[0m
[0;32mI (671) cpu_start: Pro cpu start user code[0m
[0;32mI (671) cpu_start: cpu freq: 240000000 Hz[0m
[0;32mI (672) app_init: Application information:[0m
[0;32mI (674) app_init: Project name:     wispr[0m
[0;32mI (679) app_init: App version:      20bd362-dirty[0m
[0;32mI (684) app_init: Compile time:     Sep 19 2024 22:12:09[0m
[0;32mI (690) app_init: ELF file SHA256:  6cdf4a719...[0m
[0;32mI (696) app_init: ESP-IDF:          v5.3[0m
[0;32mI (700) efuse_init: Min chip rev:     v0.0[0m
[0;32mI (705) efuse_init: Max chip rev:     v0.99 [0m
[0;32mI (710) efuse_init: Chip rev:         v0.2[0m
[0;32mI (715) heap_init: Initializing. RAM available for dynamic allocation:[0m
[0;32mI (722) heap_init: At 3FC9DE08 len 0004B908 (302 KiB): RAM[0m
[0;32mI (728) heap_init: At 3FCE9710 len 00005724 (21 KiB): RAM[0m
[0;32mI (734) heap_init: At 3FCF0000 len 00008000 (32 KiB): DRAM[0m
[0;32mI (740) heap_init: At 600FE100 len 00001EE8 (7 KiB): RTCRAM[0m
[0;32mI (747) esp_psram: Adding pool of 7680K of PSRAM memory to heap allocator[0m
[0;32mI (754) spi_flash: detected chip: gd[0m
[0;32mI (758) spi_flash: flash io: dio[0m
[0;33mW (762) i2c: This driver is an old driver, please migrate your application code to adapt `driver/i2c_master.h`[0m
[0;32mI (773) sleep: Configure to isolate all GPIO pins in sleep state[0m
[0;32mI (780) sleep: Enable automatic switching of GPIO sleep configuration[0m
[0;32mI (787) main_task: Started on CPU0[0m
[0;32mI (797) esp_psram: Reserving pool of 32K of internal memory for DMA/internal allocations[0m
[0;32mI (800) main_task: Calling app_main()[0m
[0;32mI (808) [APP]: First boot after flashing. Setting time...[0m
[0;32mI (810) [APP]: Time set to build time: Thu Sep 19 22:12:09 2024
[0m
[0;32mI (817) [APP]: Install RGB LCD panel driver[0m
[0;32mI (838) [APP]: Register event callbacks[0m
[0;32mI (838) [APP]: Initialize RGB LCD panel[0m
[0;32mI (838) [APP]: I2C initialized successfully[0m
[0;32mI (841) gpio: GPIO[4]| InputEn: 0| OutputEn: 1| OpenDrain: 0| Pullup: 0| Pulldown: 0| Intr:0 [0m
[0;32mI (1250) [APP]: Initialize I2C[0m
[0;32mI (1251) [APP]: Initialize touch IO (I2C)[0m
[0;32mI (1251) [APP]: Initialize touch controller GT911[0m
[0;32mI (1254) GT911: TouchPad_ID:0x39,0x31,0x31[0m
[0;32mI (1258) GT911: TouchPad_Config_Version:67[0m
[0;32mI (1263) [APP]: Initialize LVGL library[0m
[0;32mI (1267) [APP]: Free PSRAM: 7070064 bytes[0m
[0;32mI (1272) [APP]: Allocate separate LVGL draw buffers from PSRAM[0m
[0;32mI (1278) [APP]: Free PSRAM AFTER buf alloc: 6910060 bytes[0m
[0;32mI (1285) [APP]: Register display driver to LVGL[0m
[0;32mI (1291) [APP]: Install LVGL tick timer[0m
[0;32mI (1294) [APP]: Create LVGL task[0m
[0;32mI (1298) [APP]: Starting LVGL task[0m
[0;32mI (1356) [APP]: Display LVGL Scatter Chart[0m
Guru Meditation Error: Core  0 panic'ed (LoadProhibited). Exception was unhandled.

Core  0 register dump:
PC      : 0x400556d5  PS      : 0x00060430  A0      : 0x8204a78d  A1      : 0x3fca1200  
A2      : 0x00000024  A3      : 0x00000020  A4      : 0x000000ff  A5      : 0x0000ff00  
A6      : 0x00ff0000  A7      : 0xff000000  A8      : 0x00000000  A9      : 0x3fca1620  
A10     : 0x00000000  A11     : 0x3fca1630  A12     : 0x00000000  A13     : 0x00000000  
A14     : 0x3fcaff30  A15     : 0x3fc9d764  SAR     : 0x0000001a  EXCCAUSE: 0x0000001c  
EXCVADDR: 0x00000024  LBEG    : 0x400556d5  LEND    : 0x400556e5  LCOUNT  : 0xffffffff  


Backtrace: 0x400556d2:0x3fca1200 0x4204a78a:0x3fca1210 0x420414df:0x3fca1530 0x4200a089:0x3fca15f0 0x42009f73:0x3fca1710 0x42057137:0x3fca1870




ELF file SHA256: 6cdf4a719

Rebooting...
ESP-ROM:esp32s3-20210327
Build:Mar 27 2021
rst:0xc (RTC_SW_CPU_RST),boot:0x8 (SPI_FAST_FLASH_BOOT)
Saved PC:0x40375ef8
SPIWP:0xee
mode:DIO, clock div:1
load:0x3fce2810,len:0x178c
load:0x403c8700,len:0x4
load:0x403c8704,len:0xcb8
load:0x403cb700,len:0x2db0
entry 0x403c8914
[0;32mI (31) boot: ESP-IDF v5.3 2nd stage bootloader[0m
[0;32mI (31) boot: compile time Sep 17 2024 10:53:55[0m
[0;32mI (31) boot: Multicore bootloader[0m
[0;32mI (34) boot: chip revision: v0.2[0m
[0;32mI (38) boot.esp32s3: Boot SPI Speed : 80MHz[0m
[0;32mI (43) boot.esp32s3: SPI Mode       : DIO[0m
[0;32mI (47) boot.esp32s3: SPI Flash Size : 8MB[0m
[0;32mI (52) boot: Enabling RNG early entropy source...[0m
[0;32mI (58) boot: Partition Table:[0m
[0;32mI (61) boot: ## Label            Usage          Type ST Offset   Length[0m
[0;32mI (68) boot:  0 nvs              WiFi data        01 02 00009000 00006000[0m
[0;32mI (76) boot:  1 phy_init         RF data          01 01 0000f000 00001000[0m
[0;32mI (83) boot:  2 factory          factory app      00 00 00010000 00100000[0m
[0;32mI (91) boot:  3 storage          Unknown data     01 81 00110000 00084000[0m
[0;32mI (98) boot: End of partition table[0m
[0;32mI (103) esp_image: segment 0: paddr=00010020 vaddr=3c060020 size=1890ch (100620) map[0m
[0;32mI (129) esp_image: segment 1: paddr=00028934 vaddr=3fc99600 size=03888h ( 14472) load[0m
[0;32mI (132) esp_image: segment 2: paddr=0002c1c4 vaddr=40374000 size=03e54h ( 15956) load[0m
[0;32mI (138) esp_image: segment 3: paddr=00030020 vaddr=42000020 size=57d1ch (359708) map[0m
[0;32mI (208) esp_image: segment 4: paddr=00087d44 vaddr=40377e54 size=11758h ( 71512) load[0m
[0;32mI (232) boot: Loaded app from partition at offset 0x10000[0m
[0;32mI (233) boot: Disabling RNG early entropy source...[0m
[0;33mW (244) flash HPM: HPM mode is optional feature that depends on flash model. Read Docs First![0m
[0;33mW (244) flash HPM: HPM mode with DC adjustment is disabled. Some flash models may not be supported. Read Docs First![0m
[0;33mW (253) flash HPM: High performance mode of this flash model hasn't been supported.[0m
[0;32mI (262) MSPI Timing: Flash timing tuning index: 2[0m
[0;32mI (267) octal_psram: vendor id    : 0x0d (AP)[0m
[0;32mI (272) octal_psram: dev id       : 0x02 (generation 3)[0m
[0;32mI (278) octal_psram: density      : 0x03 (64 Mbit)[0m
[0;32mI (283) octal_psram: good-die     : 0x01 (Pass)[0m
[0;32mI (288) octal_psram: Latency      : 0x01 (Fixed)[0m
[0;32mI (294) octal_psram: VCC          : 0x01 (3V)[0m
[0;32mI (299) octal_psram: SRF          : 0x01 (Fast Refresh)[0m
[0;32mI (305) octal_psram: BurstType    : 0x01 (Hybrid Wrap)[0m
[0;32mI (310) octal_psram: BurstLen     : 0x01 (32 Byte)[0m
[0;32mI (316) octal_psram: Readlatency  : 0x02 (10 cycles@Fixed)[0m
[0;32mI (322) octal_psram: DriveStrength: 0x00 (1/1)[0m
[0;32mI (336) MSPI Timing: PSRAM timing tuning index: 2[0m
[0;32mI (336) esp_psram: Found 8MB PSRAM device[0m
[0;32mI (338) esp_psram: Speed: 120MHz[0m
[0;32mI (351) mmu_psram: Read only data copied and mapped to SPIRAM[0m
[0;32mI (381) mmu_psram: Instructions copied and mapped to SPIRAM[0m
[0;32mI (381) cpu_start: Multicore app[0m
[0;32mI (667) esp_psram: SPI SRAM memory test OK[0m
[0;32mI (676) cpu_start: Pro cpu start user code[0m
[0;32mI (676) cpu_start: cpu freq: 240000000 Hz[0m
[0;32mI (676) app_init: Application information:[0m
[0;32mI (679) app_init: Project name:     wispr[0m
[0;32mI (684) app_init: App version:      20bd362-dirty[0m
[0;32mI (689) app_init: Compile time:     Sep 19 2024 22:12:09[0m
[0;32mI (695) app_init: ELF file SHA256:  6cdf4a719...[0m
[0;32mI (700) app_init: ESP-IDF:          v5.3[0m
[0;32mI (705) efuse_init: Min chip rev:     v0.0[0m
[0;32mI (710) efuse_init: Max chip rev:     v0.99 [0m
[0;32mI (715) efuse_init: Chip rev:         v0.2[0m
[0;32mI (719) heap_init: Initializing. RAM available for dynamic allocation:[0m
[0;32mI (727) heap_init: At 3FC9DE08 len 0004B908 (302 KiB): RAM[0m
[0;32mI (733) heap_init: At 3FCE9710 len 00005724 (21 KiB): RAM[0m
[0;32mI (739) heap_init: At 3FCF0000 len 00008000 (32 KiB): DRAM[0m
[0;32mI (745) heap_init: At 600FE100 len 00001EE8 (7 KiB): RTCRAM[0m
[0;32mI (751) esp_psram: Adding pool of 7680K of PSRAM memory to heap allocator[0m
[0;32mI (759) spi_flash: detected chip: gd[0m
[0;32mI (763) spi_flash: flash io: dio[0m
[0;33mW (767) i2c: This driver is an old driver, please migrate your application code to adapt `driver/i2c_master.h`[0m
[0;32mI (778) sleep: Configure to isolate all GPIO pins in sleep state[0m
[0;32mI (784) sleep: Enable automatic switching of GPIO sleep configuration[0m
[0;32mI (792) main_task: Started on CPU0[0m
[0;32mI (802) esp_psram: Reserving pool of 32K of internal memory for DMA/internal allocations[0m
[0;32mI (805) main_task: Calling app_main()[0m
[0;32mI (813) [APP]: First boot after flashing. Setting time...[0m
[0;32mI (815) [APP]: Time set to build time: Thu Sep 19 22:12:09 2024
[0m
[0;32mI (822) [APP]: Install RGB LCD panel driver[0m
[0;32mI (843) [APP]: Register event callbacks[0m
[0;32mI (843) [APP]: Initialize RGB LCD panel[0m
[0;32mI (843) [APP]: I2C initialized successfully[0m
[0;32mI (846) gpio: GPIO[4]| InputEn: 0| OutputEn: 1| OpenDrain: 0| Pullup: 0| Pulldown: 0| Intr:0 [0m
[0;32mI (1255) [APP]: Initialize I2C[0m
[0;32mI (1256) [APP]: Initialize touch IO (I2C)[0m
[0;32mI (1256) [APP]: Initialize touch controller GT911[0m
[0;32mI (1259) GT911: TouchPad_ID:0x39,0x31,0x31[0m
[0;32mI (1263) GT911: TouchPad_Config_Version:67[0m
[0;32mI (1268) [APP]: Initialize LVGL library[0m
[0;32mI (1272) [APP]: Free PSRAM: 7070064 bytes[0m
[0;32mI (1277) [APP]: Allocate separate LVGL draw buffers from PSRAM[0m
[0;32mI (1283) [APP]: Free PSRAM AFTER buf alloc: 6910060 bytes[0m
[0;32mI (1290) [APP]: Register display driver to LVGL[0m
[0;32mI (1296) [APP]: Install LVGL tick timer[0m
[0;32mI (1299) [APP]: Create LVGL task[0m
[0;32mI (1303) [APP]: Starting LVGL task[0m
[0;32mI (1361) [APP]: Display LVGL Scatter Chart[0m
Guru Meditation Error: Core  0 panic'ed (LoadProhibited). Exception was unhandled.

Core  0 register dump:
PC      : 0x400556d5  PS      : 0x00060430  A0      : 0x8204a78d  A1      : 0x3fca1200  
A2      : 0x00000024  A3      : 0x00000020  A4      : 0x000000ff  A5      : 0x0000ff00  
A6      : 0x00ff0000  A7      : 0xff000000  A8      : 0x00000000  A9      : 0x3fca1620  
A10     : 0x00000000  A11     : 0x3fca1630  A12     : 0x00000000  A13     : 0x00000000  
A14     : 0x3fcaff30  A15     : 0x3fc9d764  SAR     : 0x0000001a  EXCCAUSE: 0x0000001c  
EXCVADDR: 0x00000024  LBEG    : 0x400556d5  LEND    : 0x400556e5  LCOUNT  : 0xffffffff  


Backtrace: 0x400556d2:0x3fca1200 0x4204a78a:0x3fca1210 0x420414df:0x3fca1530 0x4200a089:0x3fca15f0 0x42009f73:0x3fca1710 0x42057137:0x3fca1870




ELF file SHA256: 6cdf4a719

Rebooting...
ï¿½ï¿½ï¿½ESP-ROM:esp32s3-20210327
Build:Mar 27 2021
rst:0xc (RTC_SW_CPU_RST),boot:0x8 (SPI_FAST_FLASH_BOOT)
Saved PC:0x40375ef8
SPIWP:0xee
mode:DIO, clock div:1
load:0x3fce2810,len:0x178c
load:0x403c8700,len:0x4
load:0x403c8704,len:0xcb8
load:0x403cb700,len:0x2db0
entry 0x403c8914
[0;32mI (31) boot: ESP-IDF v5.3 2nd stage bootloader[0m
[0;32mI (31) boot: compile time Sep 17 2024 10:53:55[0m
[0;32mI (31) boot: Multicore bootloader[0m
[0;32mI (34) boot: chip revision: v0.2[0m
[0;32mI (38) boot.esp32s3: Boot SPI Speed : 80MHz[0m
[0;32mI (43) boot.esp32s3: SPI Mode       : DIO[0m
[0;32mI (47) boot.esp32s3: SPI Flash Size : 8MB[0m
[0;32mI (52) boot: Enabling RNG early entropy source...[0m
[0;32mI (58) boot: Partition Table:[0m
[0;32mI (61) boot: ## Label            Usage          Type ST Offset   Length[0m
[0;32mI (68) boot:  0 nvs              WiFi data        01 02 00009000 00006000[0m
[0;32mI (76) boot:  1 phy_init         RF data          01 01 0000f000 00001000[0m
[0;32mI (83) boot:  2 factory          factory app      00 00 00010000 00100000[0m
[0;32mI (91) boot:  3 storage          Unknown data     01 81 00110000 00084000[0m
[0;32mI (98) boot: End of partition table[0m
[0;32mI (103) esp_image: segment 0: paddr=00010020 vaddr=3c060020 size=1890ch (100620) map[0m
[0;32mI (129) esp_image: segment 1: paddr=00028934 vaddr=3fc99600 size=03888h ( 14472) load[0m
[0;32mI (132) esp_image: segment 2: paddr=0002c1c4 vaddr=40374000 size=03e54h ( 15956) load[0m
[0;32mI (138) esp_image: segment 3: paddr=00030020 vaddr=42000020 size=57d1ch (359708) map[0m
[0;32mI (208) esp_image: segment 4: paddr=00087d44 vaddr=40377e54 size=11758h ( 71512) load[0m
[0;32mI (232) boot: Loaded app from partition at offset 0x10000[0m
[0;32mI (233) boot: Disabling RNG early entropy source...[0m
[0;33mW (244) flash HPM: HPM mode is optional feature that depends on flash model. Read Docs First![0m
[0;33mW (244) flash HPM: HPM mode with DC adjustment is disabled. Some flash models may not be supported. Read Docs First![0m
[0;33mW (253) flash HPM: High performance mode of this flash model hasn't been supported.[0m
[0;32mI (262) MSPI Timing: Flash timing tuning index: 2[0m
[0;32mI (267) octal_psram: vendor id    : 0x0d (AP)[0m
[0;32mI (272) octal_psram: dev id       : 0x02 (generation 3)[0m
[0;32mI (278) octal_psram: density      : 0x03 (64 Mbit)[0m
[0;32mI (283) octal_psram: good-die     : 0x01 (Pass)[0m
[0;32mI (288) octal_psram: Latency      : 0x01 (Fixed)[0m
[0;32mI (294) octal_psram: VCC          : 0x01 (3V)[0m
[0;32mI (299) octal_psram: SRF          : 0x01 (Fast Refresh)[0m
[0;32mI (305) octal_psram: BurstType    : 0x01 (Hybrid Wrap)[0m
[0;32mI (310) octal_psram: BurstLen     : 0x01 (32 Byte)[0m
[0;32mI (316) octal_psram: Readlatency  : 0x02 (10 cycles@Fixed)[0m
[0;32mI (322) octal_psram: DriveStrength: 0x00 (1/1)[0m
[0;32mI (336) MSPI Timing: PSRAM timing tuning index: 2[0m
[0;32mI (336) esp_psram: Found 8MB PSRAM device[0m
[0;32mI (338) esp_psram: Speed: 120MHz[0m
[0;32mI (351) mmu_psram: Read only data copied and mapped to SPIRAM[0m
[0;32mI (381) mmu_psram: Instructions copied and mapped to SPIRAM[0m
[0;32mI (381) cpu_start: Multicore app[0m
[0;32mI (667) esp_psram: SPI SRAM memory test OK[0m
[0;32mI (676) cpu_start: Pro cpu start user code[0m
[0;32mI (676) cpu_start: cpu freq: 240000000 Hz[0m
[0;32mI (676) app_init: Application information:[0m
[0;32mI (679) app_init: Project name:     wispr[0m
[0;32mI (684) app_init: App version:      20bd362-dirty[0m
[0;32mI (689) app_init: Compile time:     Sep 19 2024 22:12:09[0m
[0;32mI (695) app_init: ELF file SHA256:  6cdf4a719...[0m
[0;32mI (700) app_init: ESP-IDF:          v5.3[0m
[0;32mI (705) efuse_init: Min chip rev:     v0.0[0m
[0;32mI (710) efuse_init: Max chip rev:     v0.99 [0m
[0;32mI (715) efuse_init: Chip rev:         v0.2[0m
[0;32mI (719) heap_init: Initializing. RAM available for dynamic allocation:[0m
[0;32mI (727) heap_init: At 3FC9DE08 len 0004B908 (302 KiB): RAM[0m
[0;32mI (733) heap_init: At 3FCE9710 len 00005724 (21 KiB): RAM[0m
[0;32mI (739) heap_init: At 3FCF0000 len 00008000 (32 KiB): DRAM[0m
[0;32mI (745) heap_init: At 600FE100 len 00001EE8 (7 KiB): RTCRAM[0m
[0;32mI (751) esp_psram: Adding pool of 7680K of PSRAM memory to heap allocator[0m
[0;32mI (759) spi_flash: detected chip: gd[0m
[0;32mI (763) spi_flash: flash io: dio[0m
[0;33mW (767) i2c: This driver is an old driver, please migrate your application code to adapt `driver/i2c_master.h`[0m
[0;32mI (778) sleep: Configure to isolate all GPIO pins in sleep state[0m
[0;32mI (784) sleep: Enable automatic switching of GPIO sleep configuration[0m
[0;32mI (792) main_task: Started on CPU0[0m
[0;32mI (802) esp_psram: Reserving pool of 32K of internal memory for DMA/internal allocations[0m
[0;32mI (805) main_task: Calling app_main()[0m
[0;32mI (813) [APP]: First boot after flashing. Setting time...[0m
[0;32mI (815) [APP]: Time set to build time: Thu Sep 19 22:12:09 2024
[0m
[0;32mI (822) [APP]: Install RGB LCD panel driver[0m
[0;32mI (843) [APP]: Register event callbacks[0m
[0;32mI (843) [APP]: Initialize RGB LCD panel[0m
[0;32mI (843) [APP]: I2C initialized successfully[0m
[0;32mI (846) gpio: GPIO[4]| InputEn: 0| OutputEn: 1| OpenDrain: 0| Pullup: 0| Pulldown: 0| Intr:0 [0m
[0;32mI (1255) [APP]: Initialize I2C[0m
[0;32mI (1256) [APP]: Initialize touch IO (I2C)[0m
[0;32mI (1256) [APP]: Initialize touch controller GT911[0m
[0;32mI (1259) GT911: TouchPad_ID:0x39,0x31,0x31[0m
[0;32mI (1263) GT911: TouchPad_Config_Version:67[0m
[0;32mI (1268) [APP]: Initialize LVGL library[0m
[0;32mI (1272) [APP]: Free PSRAM: 7070064 bytes[0m
[0;32mI (1277) [APP]: Allocate separate LVGL draw buffers from PSRAM[0m
[0;32mI (1283) [APP]: Free PSRAM AFTER buf alloc: 6910060 bytes[0m
[0;32mI (1290) [APP]: Register display driver to LVGL[0m
[0;32mI (1296) [APP]: Install LVGL tick timer[0m
[0;32mI (1299) [APP]: Create LVGL task[0m
[0;32mI (1303) [APP]: Starting LVGL task[0m
[0;32mI (1361) [APP]: Display LVGL Scatter Chart[0m
Guru Meditation Error: Core  0 panic'ed (LoadProhibited). Exception was unhandled.

Core  0 register dump:
PC      : 0x400556d5  PS      : 0x00060430  A0      : 0x8204a78d  A1      : 0x3fca1200  
A2      : 0x00000024  A3      : 0x00000020  A4      : 0x000000ff  A5      : 0x0000ff00  
A6      : 0x00ff0000  A7      : 0xff000000  A8      : 0x00000000  A9      : 0x3fca1620  
A10     : 0x00000000  A11     : 0x3fca1630  A12     : 0x00000000  A13     : 0x00000000  
A14     : 0x3fcaff30  A15     : 0x3fc9d764  SAR     : 0x0000001a  EXCCAUSE: 0x0000001c  
EXCVADDR: 0x00000024  LBEG    : 0x400556d5  LEND    : 0x400556e5  LCOUNT  : 0xffffffff  


Backtrace: 0x400556d2:0x3fca1200 0x4204a78a:0x3fca1210 0x420414df:0x3fca1530 0x4200a089:0x3fca15f0 0x42009f73:0x3fca1710 0x42057137:0x3fca1870




ELF file SHA256: 6cdf4a719

Rebooting...
ï¿½ï¿½ï¿½ESP-ROM:esp32s3-20210327
Build:Mar 27 2021
rst:0xc (RTC_SW_CPU_RST),boot:0x8 (SPI_FAST_FLASH_BOOT)
Saved PC:0x40375ef8
SPIWP:0xee
mode:DIO, clock div:1
load:0x3fce2810,len:0x178c
load:0x403c8700,len:0x4
load:0x403c8704,len:0xcb8
load:0x403cb700,len:0x2db0
entry 0x403c8914
[0;32mI (31) boot: ESP-IDF v5.3 2nd stage bootloader[0m
[0;32mI (31) boot: compile time Sep 17 2024 10:53:55[0m
[0;32mI (31) boot: Multicore bootloader[0m
[0;32mI (34) boot: chip revision: v0.2[0m
[0;32mI (38) boot.esp32s3: Boot SPI Speed : 80MHz[0m
[0;32mI (43) boot.esp32s3: SPI Mode       : DIO[0m
[0;32mI (47) boot.esp32s3: SPI Flash Size : 8MB[0m
[0;32mI (52) boot: Enabling RNG early entropy source...[0m
[0;32mI (58) boot: Partition Table:[0m
[0;32mI (61) boot: ## Label            Usage          Type ST Offset   Length[0m
[0;32mI (68) boot:  0 nvs              WiFi data        01 02 00009000 00006000[0m
[0;32mI (76) boot:  1 phy_init         RF data          01 01 0000f000 00001000[0m
[0;32mI (83) boot:  2 factory          factory app      00 00 00010000 00100000[0m
[0;32mI (91) boot:  3 storage          Unknown data     01 81 00110000 00084000[0m
[0;32mI (98) boot: End of partition table[0m
[0;32mI (103) esp_image: segment 0: paddr=00010020 vaddr=3c060020 size=1890ch (100620) map[0m
[0;32mI (129) esp_image: segment 1: paddr=00028934 vaddr=3fc99600 size=03888h ( 14472) load[0m
[0;32mI (132) esp_image: segment 2: paddr=0002c1c4 vaddr=40374000 size=03e54h ( 15956) load[0m
[0;32mI (138) esp_image: segment 3: paddr=00030020 vaddr=42000020 size=57d1ch (359708) map[0m
[0;32mI (208) esp_image: segment 4: paddr=00087d44 vaddr=40377e54 size=11758h ( 71512) load[0m
[0;32mI (232) boot: Loaded app from partition at offset 0x10000[0m
[0;32mI (233) boot: Disabling RNG early entropy source...[0m
[0;33mW (244) flash HPM: HPM mode is optional feature that depends on flash model. Read Docs First![0m
[0;33mW (244) flash HPM: HPM mode with DC adjustment is disabled. Some flash models may not be supported. Read Docs First![0m
[0;33mW (253) flash HPM: High performance mode of this flash model hasn't been supported.[0m
[0;32mI (262) MSPI Timing: Flash timing tuning index: 2[0m
[0;32mI (267) octal_psram: vendor id    : 0x0d (AP)[0m
[0;32mI (272) octal_psram: dev id       : 0x02 (generation 3)[0m
[0;32mI (278) octal_psram: density      : 0x03 (64 Mbit)[0m
[0;32mI (283) octal_psram: good-die     : 0x01 (Pass)[0m
[0;32mI (288) octal_psram: Latency      : 0x01 (Fixed)[0m
[0;32mI (294) octal_psram: VCC          : 0x01 (3V)[0m
[0;32mI (299) octal_psram: SRF          : 0x01 (Fast Refresh)[0m
[0;32mI (305) octal_psram: BurstType    : 0x01 (Hybrid Wrap)[0m
[0;32mI (310) octal_psram: BurstLen     : 0x01 (32 Byte)[0m
[0;32mI (316) octal_psram: Readlatency  : 0x02 (10 cycles@Fixed)[0m
[0;32mI (322) octal_psram: DriveStrength: 0x00 (1/1)[0m
[0;32mI (336) MSPI Timing: PSRAM timing tuning index: 2[0m
[0;32mI (336) esp_psram: Found 8MB PSRAM device[0m
[0;32mI (338) esp_psram: Speed: 120MHz[0m
[0;32mI (351) mmu_psram: Read only data copied and mapped to SPIRAM[0m
[0;32mI (381) mmu_psram: Instructions copied and mapped to SPIRAM[0m
[0;32mI (381) cpu_start: Multicore app[0m
[0;32mI (667) esp_psram: SPI SRAM memory test OK[0m
[0;32mI (676) cpu_start: Pro cpu start user code[0m
[0;32mI (676) cpu_start: cpu freq: 240000000 Hz[0m
[0;32mI (676) app_init: Application information:[0m
[0;32mI (679) app_init: Project name:     wispr[0m
[0;32mI (684) app_init: App version:      20bd362-dirty[0m
[0;32mI (689) app_init: Compile time:     Sep 19 2024 22:12:09[0m
[0;32mI (695) app_init: ELF file SHA256:  6cdf4a719...[0m
[0;32mI (700) app_init: ESP-IDF:          v5.3[0m
[0;32mI (705) efuse_init: Min chip rev:     v0.0[0m
[0;32mI (710) efuse_init: Max chip rev:     v0.99 [0m
[0;32mI (715) efuse_init: Chip rev:         v0.2[0m
[0;32mI (719) heap_init: Initializing. RAM available for dynamic allocation:[0m
[0;32mI (727) heap_init: At 3FC9DE08 len 0004B908 (302 KiB): RAM[0m
[0;32mI (733) heap_init: At 3FCE9710 len 00005724 (21 KiB): RAM[0m
[0;32mI (739) heap_init: At 3FCF0000 len 00008000 (32 KiB): DRAM[0m
[0;32mI (745) heap_init: At 600FE100 len 00001EE8 (7 KiB): RTCRAM[0m
[0;32mI (751) esp_psram: Adding pool of 7680K of PSRAM memory to heap allocator[0m
[0;32mI (759) spi_flash: detected chip: gd[0m
[0;32mI (763) spi_flash: flash io: dio[0m
[0;33mW (767) i2c: This driver is an old driver, please migrate your application code to adapt `driver/i2c_master.h`[0m
[0;32mI (778) sleep: Configure to isolate all GPIO pins in sleep state[0m
[0;32mI (784) sleep: Enable automatic switching of GPIO sleep configuration[0m
[0;32mI (792) main_task: Started on CPU0[0m
[0;32mI (802) esp_psram: Reserving pool of 32K of internal memory for DMA/internal allocations[0m
[0;32mI (805) main_task: Calling app_main()[0m
[0;32mI (813) [APP]: First boot after flashing. Setting time...[0m
[0;32mI (815) [APP]: Time set to build time: Thu Sep 19 22:12:09 2024
[0m
[0;32mI (822) [APP]: Install RGB LCD panel driver[0m
[0;32mI (843) [APP]: Register event callbacks[0m
[0;32mI (843) [APP]: Initialize RGB LCD panel[0m
[0;32mI (843) [APP]: I2C initialized successfully[0m
[0;32mI (846) gpio: GPIO[4]| InputEn: 0| OutputEn: 1| OpenDrain: 0| Pullup: 0| Pulldown: 0| Intr:0 [0m
[0;32mI (1255) [APP]: Initialize I2C[0m
[0;32mI (1256) [APP]: Initialize touch IO (I2C)[0m
[0;32mI (1256) [APP]: Initialize touch controller GT911[0m
[0;32mI (1259) GT911: TouchPad_ID:0x39,0x31,0x31[0m
[0;32mI (1263) GT911: TouchPad_Config_Version:67[0m
[0;32mI (1268) [APP]: Initialize LVGL library[0m
[0;32mI (1272) [APP]: Free PSRAM: 7070064 bytes[0m
[0;32mI (1277) [APP]: Allocate separate LVGL draw buffers from PSRAM[0m
[0;32mI (1283) [APP]: Free PSRAM AFTER buf alloc: 6910060 bytes[0m
[0;32mI (1290) [APP]: Register display driver to LVGL[0m
[0;32mI (1296) [APP]: Install LVGL tick timer[0m
[0;32mI (1299) [APP]: Create LVGL task[0m
[0;32mI (1303) [APP]: Starting LVGL task[0m
[0;32mI (1361) [APP]: Display LVGL Scatter Chart[0m
Guru Meditation Error: Core  0 panic'ed (LoadProhibited). Exception was unhandled.

Core  0 register dump:
PC      : 0x400556d5  PS      : 0x00060430  A0      : 0x8204a78d  A1      : 0x3fca1200  
A2      : 0x00000024  A3      : 0x00000020  A4      : 0x000000ff  A5      : 0x0000ff00  
A6      : 0x00ff0000  A7      : 0xff000000  A8      : 0x00000000  A9      : 0x3fca1620  
A10     : 0x00000000  A11     : 0x3fca1630  A12     : 0x00000000  A13     : 0x00000000  
A14     : 0x3fcaff30  A15     : 0x3fc9d764  SAR     : 0x0000001a  EXCCAUSE: 0x0000001c  
EXCVADDR: 0x00000024  LBEG    : 0x400556d5  LEND    : 0x400556e5  LCOUNT  : 0xffffffff  


Backtrace: 0x400556d2:0x3fca1200 0x4204a78a:0x3fca1210 0x420414df:0x3fca1530 0x4200a089:0x3fca15f0 0x42009f73:0x3fca1710 0x42057137:0x3fca1870




ELF file SHA256: 6cdf4a719

Rebooting...
ï¿½ï¿½ï¿½ESP-ROM:esp32s3-20210327
Build:Mar 27 2021
rst:0xc (RTC_SW_CPU_RST),boot:0x8 (SPI_FAST_FLASH_BOOT)
Saved PC:0x40375ef8
SPIWP:0xee
mode:DIO, clock div:1
load:0x3fce2810,len:0x178c
load:0x403c8700,len:0x4
load:0x403c8704,len:0xcb8
load:0x403cb700,len:0x2db0
entry 0x403c8914
[0;32mI (31) boot: ESP-IDF v5.3 2nd stage bootloader[0m
[0;32mI (31) boot: compile time Sep 17 2024 10:53:55[0m
[0;32mI (31) boot: Multicore bootloader[0m
[0;32mI (34) boot: chip revision: v0.2[0m
[0;32mI (38) boot.esp32s3: Boot SPI Speed : 80MHz[0m
[0;32mI (43) boot.esp32s3: SPI Mode       : DIO[0m
[0;32mI (47) boot.esp32s3: SPI Flash Size : 8MB[0m
[0;32mI (52) boot: Enabling RNG early entropy source...[0m
[0;32mI (58) boot: Partition Table:[0m
[0;32mI (61) boot: ## Label            Usage          Type ST Offset   Length[0m
[0;32mI (68) boot:  0 nvs              WiFi data        01 02 00009000 00006000[0m
[0;32mI (76) boot:  1 phy_init         RF data          01 01 0000f000 00001000[0m
[0;32mI (83) boot:  2 factory          factory app      00 00 00010000 00100000[0m
[0;32mI (91) boot:  3 storage          Unknown data     01 81 00110000 00084000[0m
[0;32mI (98) boot: End of partition table[0m
[0;32mI (103) esp_image: segment 0: paddr=00010020 vaddr=3c060020 size=1890ch (100620) map[0m
[0;32mI (129) esp_image: segment 1: paddr=00028934 vaddr=3fc99600 size=03888h ( 14472) load[0m
[0;32mI (132) esp_image: segment 2: paddr=0002c1c4 vaddr=40374000 size=03e54h ( 15956) load[0m
[0;32mI (138) esp_image: segment 3: paddr=00030020 vaddr=42000020 size=57d1ch (359708) map[0m
[0;32mI (208) esp_image: segment 4: paddr=00087d44 vaddr=40377e54 size=11758h ( 71512) load[0m
[0;32mI (232) boot: Loaded app from partition at offset 0x10000[0m
[0;32mI (233) boot: Disabling RNG early entropy source...[0m
[0;33mW (244) flash HPM: HPM mode is optional feature that depends on flash model. Read Docs First![0m
[0;33mW (244) flash HPM: HPM mode with DC adjustment is disabled. Some flash models may not be supported. Read Docs First![0m
[0;33mW (253) flash HPM: High performance mode of this flash model hasn't been supported.[0m
[0;32mI (262) MSPI Timing: Flash timing tuning index: 2[0m
[0;32mI (267) octal_psram: vendor id    : 0x0d (AP)[0m
[0;32mI (272) octal_psram: dev id       : 0x02 (generation 3)[0m
[0;32mI (278) octal_psram: density      : 0x03 (64 Mbit)[0m
[0;32mI (283) octal_psram: good-die     : 0x01 (Pass)[0m
[0;32mI (288) octal_psram: Latency      : 0x01 (Fixed)[0m
[0;32mI (294) octal_psram: VCC          : 0x01 (3V)[0m
[0;32mI (299) octal_psram: SRF          : 0x01 (Fast Refresh)[0m
[0;32mI (305) octal_psram: BurstType    : 0x01 (Hybrid Wrap)[0m
[0;32mI (310) octal_psram: BurstLen     : 0x01 (32 Byte)[0m
[0;32mI (316) octal_psram: Readlatency  : 0x02 (10 cycles@Fixed)[0m
[0;32mI (322) octal_psram: DriveStrength: 0x00 (1/1)[0m
[0;32mI (336) MSPI Timing: PSRAM timing tuning index: 2[0m
[0;32mI (336) esp_psram: Found 8MB PSRAM device[0m
[0;32mI (338) esp_psram: Speed: 120MHz[0m
[0;32mI (351) mmu_psram: Read only data copied and mapped to SPIRAM[0m
[0;32mI (381) mmu_psram: Instructions copied and mapped to SPIRAM[0m
[0;32mI (381) cpu_start: Multicore app[0m
[0;32mI (667) esp_psram: SPI SRAM memory test OK[0m
[0;32mI (676) cpu_start: Pro cpu start user code[0m
[0;32mI (676) cpu_start: cpu freq: 240000000 Hz[0m
[0;32mI (676) app_init: Application information:[0m
[0;32mI (679) app_init: Project name:     wispr[0m
[0;32mI (684) app_init: App version:      20bd362-dirty[0m
[0;32mI (689) app_init: Compile time:     Sep 19 2024 22:12:09[0m
[0;32mI (695) app_init: ELF file SHA256:  6cdf4a719...[0m
[0;32mI (700) app_init: ESP-IDF:          v5.3[0m
[0;32mI (705) efuse_init: Min chip rev:     v0.0[0m
[0;32mI (710) efuse_init: Max chip rev:     v0.99 [0m
[0;32mI (715) efuse_init: Chip rev:         v0.2[0m
[0;32mI (719) heap_init: Initializing. RAM available for dynamic allocation:[0m
[0;32mI (727) heap_init: At 3FC9DE08 len 0004B908 (302 KiB): RAM[0m
[0;32mI (733) heap_init: At 3FCE9710 len 00005724 (21 KiB): RAM[0m
[0;32mI (739) heap_init: At 3FCF0000 len 00008000 (32 KiB): DRAM[0m
[0;32mI (745) heap_init: At 600FE100 len 00001EE8 (7 KiB): RTCRAM[0m
[0;32mI (751) esp_psram: Adding pool of 7680K of PSRAM memory to heap allocator[0m
[0;32mI (759) spi_flash: detected chip: gd[0m
[0;32mI (763) spi_flash: flash io: dio[0m
[0;33mW (767) i2c: This driver is an old driver, please migrate your application code to adapt `driver/i2c_master.h`[0m
[0;32mI (778) sleep: Configure to isolate all GPIO pins in sleep state[0m
[0;32mI (784) sleep: Enable automatic switching of GPIO sleep configuration[0m
[0;32mI (792) main_task: Started on CPU0[0m
[0;32mI (802) esp_psram: Reserving pool of 32K of internal memory for DMA/internal allocations[0m
[0;32mI (805) main_task: Calling app_main()[0m
[0;32mI (813) [APP]: First boot after flashing. Setting time...[0m
[0;32mI (815) [APP]: Time set to build time: Thu Sep 19 22:12:09 2024
[0m
[0;32mI (822) [APP]: Install RGB LCD panel driver[0m
[0;32mI (843) [APP]: Register event callbacks[0m
[0;32mI (843) [APP]: Initialize RGB LCD panel[0m
[0;32mI (843) [APP]: I2C initialized successfully[0m
[0;32mI (846) gpio: GPIO[4]| InputEn: 0| OutputEn: 1| OpenDrain: 0| Pullup: 0| Pulldown: 0| Intr:0 [0m
[0;32mI (1255) [APP]: Initialize I2C[0m
[0;32mI (1256) [APP]: Initialize touch IO (I2C)[0m
[0;32mI (1256) [APP]: Initialize touch controller GT911[0m
[0;32mI (1259) GT911: TouchPad_ID:0x39,0x31,0x31[0m
[0;32mI (1263) GT911: TouchPad_Config_Version:67[0m
[0;32mI (1268) [APP]: Initialize LVGL library[0m
[0;32mI (1272) [APP]: Free PSRAM: 7070064 bytes[0m
[0;32mI (1277) [APP]: Allocate separate LVGL draw buffers from PSRAM[0m
[0;32mI (1283) [APP]: Free PSRAM AFTER buf alloc: 6910060 bytes[0m
[0;32mI (1290) [APP]: Register display driver to LVGL[0m
[0;32mI (1296) [APP]: Install LVGL tick timer[0m
[0;32mI (1299) [APP]: Create LVGL task[0m
[0;32mI (1303) [APP]: Starting LVGL task[0m
[0;32mI (1361) [APP]: Display LVGL Scatter Chart[0m
Guru Meditation Error: Core  0 panic'ed (LoadProhibited). Exception was unhandled.

Core  0 register dump:
PC      : 0x400556d5  PS      : 0x00060430  A0      : 0x8204a78d  A1      : 0x3fca1200  
A2      : 0x00000024  A3      : 0x00000020  A4      : 0x000000ff  A5      : 0x0000ff00  
A6      : 0x00ff0000  A7      : 0xff000000  A8      : 0x00000000  A9      : 0x3fca1620  
A10     : 0x00000000  A11     : 0x3fca1630  A12     : 0x00000000  A13     : 0x00000000  
A14     : 0x3fcaff30  A15     : 0x3fc9d764  SAR     : 0x0000001a  EXCCAUSE: 0x0000001c  
EXCVADDR: 0x00000024  LBEG    : 0x400556d5  LEND    : 0x400556e5  LCOUNT  : 0xffffffff  


Backtrace: 0x400556d2:0x3fca1200 0x4204a78a:0x3fca1210 0x420414df:0x3fca1530 0x4200a089:0x3fca15f0 0x42009f73:0x3fca1710 0x42057137:0x3fca1870




ELF file SHA256: 6cdf4a719

Rebooting...
ï¿½ï¿½ï¿½ESP-ROM:esp32s3-20210327
Build:Mar 27 2021
rst:0xc (RTC_SW_CPU_RST),boot:0x8 (SPI_FAST_FLASH_BOOT)
Saved PC:0x40375ef8
SPIWP:0xee
mode:DIO, clock div:1
load:0x3fce2810,len:0x178c
load:0x403c8700,len:0x4
load:0x403c8704,len:0xcb8
load:0x403cb700,len:0x2db0
entry 0x403c8914
[0;32mI (31) boot: ESP-IDF v5.3 2nd stage bootloader[0m
[0;32mI (31) boot: compile time Sep 17 2024 10:53:55[0m
[0;32mI (31) boot: Multicore bootloader[0m
[0;32mI (34) boot: chip revision: v0.2[0m
[0;32mI (38) boot.esp32s3: Boot SPI Speed : 80MHz[0m
[0;32mI (43) boot.esp32s3: SPI Mode       : DIO[0m
[0;32mI (47) boot.esp32s3: SPI Flash Size : 8MB[0m
[0;32mI (52) boot: Enabling RNG early entropy source...[0m
[0;32mI (58) boot: Partition Table:[0m
[0;32mI (61) boot: ## Label            Usage          Type ST Offset   Length[0m
[0;32mI (68) boot:  0 nvs              WiFi data        01 02 00009000 00006000[0m
[0;32mI (76) boot:  1 phy_init         RF data          01 01 0000f000 00001000[0m
[0;32mI (83) boot:  2 factory          factory app      00 00 00010000 00100000[0m
[0;32mI (91) boot:  3 storage          Unknown data     01 81 00110000 00084000[0m
[0;32mI (98) boot: End of partition table[0m
[0;32mI (103) esp_image: segment 0: paddr=00010020 vaddr=3c060020 size=1890ch (100620) map[0m
[0;32mI (129) esp_image: segment 1: paddr=00028934 vaddr=3fc99600 size=03888h ( 14472) load[0m
[0;32mI (132) esp_image: segment 2: paddr=0002c1c4 vaddr=40374000 size=03e54h ( 15956) load[0m
[0;32mI (138) esp_image: segment 3: paddr=00030020 vaddr=42000020 size=57d1ch (359708) map[0m
[0;32mI (208) esp_image: segment 4: paddr=00087d44 vaddr=40377e54 size=11758h ( 71512) load[0m
[0;32mI (232) boot: Loaded app from partition at offset 0x10000[0m
[0;32mI (233) boot: Disabling RNG early entropy source...[0m
[0;33mW (244) flash HPM: HPM mode is optional feature that depends on flash model. Read Docs First![0m
[0;33mW (244) flash HPM: HPM mode with DC adjustment is disabled. Some flash models may not be supported. Read Docs First![0m
[0;33mW (253) flash HPM: High performance mode of this flash model hasn't been supported.[0m
[0;32mI (262) MSPI Timing: Flash timing tuning index: 2[0m
[0;32mI (267) octal_psram: vendor id    : 0x0d (AP)[0m
[0;32mI (272) octal_psram: dev id       : 0x02 (generation 3)[0m
[0;32mI (278) octal_psram: density      : 0x03 (64 Mbit)[0m
[0;32mI (283) octal_psram: good-die     : 0x01 (Pass)[0m
[0;32mI (288) octal_psram: Latency      : 0x01 (Fixed)[0m
[0;32mI (294) octal_psram: VCC          : 0x01 (3V)[0m
[0;32mI (299) octal_psram: SRF          : 0x01 (Fast Refresh)[0m
[0;32mI (305) octal_psram: BurstType    : 0x01 (Hybrid Wrap)[0m
[0;32mI (310) octal_psram: BurstLen     : 0x01 (32 Byte)[0m
[0;32mI (316) octal_psram: Readlatency  : 0x02 (10 cycles@Fixed)[0m
[0;32mI (322) octal_psram: DriveStrength: 0x00 (1/1)[0m
[0;32mI (336) MSPI Timing: PSRAM timing tuning index: 2[0m
[0;32mI (336) esp_psram: Found 8MB PSRAM device[0m
[0;32mI (338) esp_psram: Speed: 120MHz[0m
[0;32mI (351) mmu_psram: Read only data copied and mapped to SPIRAM[0m
[0;32mI (381) mmu_psram: Instructions copied and mapped to SPIRAM[0m
[0;32mI (381) cpu_start: Multicore app[0m
[0;32mI (667) esp_psram: SPI SRAM memory test OK[0m
[0;32mI (676) cpu_start: Pro cpu start user code[0m
[0;32mI (676) cpu_start: cpu freq: 240000000 Hz[0m
[0;32mI (676) app_init: Application information:[0m
[0;32mI (679) app_init: Project name:     wispr[0m
[0;32mI (684) app_init: App version:      20bd362-dirty[0m
[0;32mI (689) app_init: Compile time:     Sep 19 2024 22:12:09[0m
[0;32mI (695) app_init: ELF file SHA256:  6cdf4a719...[0m
[0;32mI (700) app_init: ESP-IDF:          v5.3[0m
[0;32mI (705) efuse_init: Min chip rev:     v0.0[0m
[0;32mI (710) efuse_init: Max chip rev:     v0.99 [0m
[0;32mI (715) efuse_init: Chip rev:         v0.2[0m
[0;32mI (719) heap_init: Initializing. RAM available for dynamic allocation:[0m
[0;32mI (727) heap_init: At 3FC9DE08 len 0004B908 (302 KiB): RAM[0m
[0;32mI (733) heap_init: At 3FCE9710 len 00005724 (21 KiB): RAM[0m
[0;32mI (739) heap_init: At 3FCF0000 len 00008000 (32 KiB): DRAM[0m
[0;32mI (745) heap_init: At 600FE100 len 00001EE8 (7 KiB): RTCRAM[0m
[0;32mI (751) esp_psram: Adding pool of 7680K of PSRAM memory to heap allocator[0m
[0;32mI (759) spi_flash: detected chip: gd[0m
[0;32mI (763) spi_flash: flash io: dio[0m
[0;33mW (767) i2c: This driver is an old driver, please migrate your application code to adapt `driver/i2c_master.h`[0m
[0;32mI (778) sleep: Configure to isolate all GPIO pins in sleep state[0m
[0;32mI (784) sleep: Enable automatic switching of GPIO sleep configuration[0m
[0;32mI (792) main_task: Started on CPU0[0m
[0;32mI (802) esp_psram: Reserving pool of 32K of internal memory for DMA/internal allocations[0m
[0;32mI (805) main_task: Calling app_main()[0m
[0;32mI (813) [APP]: First boot after flashing. Setting time...[0m
[0;32mI (815) [APP]: Time set to build time: Thu Sep 19 22:12:09 2024
[0m
[0;32mI (822) [APP]: Install RGB LCD panel driver[0m
[0;32mI (843) [APP]: Register event callbacks[0m
[0;32mI (843) [APP]: Initialize RGB LCD panel[0m
[0;32mI (843) [APP]: I2C initialized successfully[0m
[0;32mI (846) gpio: GPIO[4]| InputEn: 0| OutputEn: 1| OpenDrain: 0| Pullup: 0| Pulldown: 0| Intr:0 [0m
[0;32mI (1255) [APP]: Initialize I2C[0m
[0;32mI (1256) [APP]: Initialize touch IO (I2C)[0m
[0;32mI (1256) [APP]: Initialize touch controller GT911[0m
[0;32mI (1259) GT911: TouchPad_ID:0x39,0x31,0x31[0m
[0;32mI (1263) GT911: TouchPad_Config_Version:67[0m
[0;32mI (1268) [APP]: Initialize LVGL library[0m
[0;32mI (1272) [APP]: Free PSRAM: 7070064 bytes[0m
[0;32mI (1277) [APP]: Allocate separate LVGL draw buffers from PSRAM[0m
[0;32mI (1283) [APP]: Free PSRAM AFTER buf alloc: 6910060 bytes[0m
[0;32mI (1290) [APP]: Register display driver to LVGL[0m
[0;32mI (1296) [APP]: Install LVGL tick timer[0m
[0;32mI (1299) [APP]: Create LVGL task[0m
[0;32mI (1303) [APP]: Starting LVGL task[0m
[0;32mI (1361) [APP]: Display LVGL Scatter Chart[0m
Guru Meditation Error: Core  0 panic'ed (LoadProhibited). Exception was unhandled.

Core  0 register dump:
PC      : 0x400556d5  PS      : 0x00060430  A0      : 0x8204a78d  A1      : 0x3fca1200  
A2      : 0x00000024  A3      : 0x00000020  A4      : 0x000000ff  A5      : 0x0000ff00  
A6      : 0x00ff0000  A7      : 0xff000000  A8      : 0x00000000  A9      : 0x3fca1620  
A10     : 0x00000000  A11     : 0x3fca1630  A12     : 0x00000000  A13     : 0x00000000  
A14     : 0x3fcaff30  A15     : 0x3fc9d764  SAR     : 0x0000001a  EXCCAUSE: 0x0000001c  
EXCVADDR: 0x00000024  LBEG    : 0x400556d5  LEND    : 0x400556e5  LCOUNT  : 0xffffffff  


Backtrace: 0x400556d2:0x3fca1200 0x4204a78a:0x3fca1210 0x420414df:0x3fca1530 0x4200a089:0x3fca15f0 0x42009f73:0x3fca1710 0x42057137:0x3fca1870




ELF file SHA256: 6cdf4a719

Rebooting...
ï¿½ï¿½ï¿½ESP-ROM:esp32s3-20210327
Build:Mar 27 2021
rst:0xc (RTC_SW_CPU_RST),boot:0x8 (SPI_FAST_FLASH_BOOT)
Saved PC:0x40375ef8
SPIWP:0xee
mode:DIO, clock div:1
load:0x3fce2810,len:0x178c
load:0x403c8700,len:0x4
load:0x403c8704,len:0xcb8
load:0x403cb700,len:0x2db0
entry 0x403c8914
[0;32mI (31) boot: ESP-IDF v5.3 2nd stage bootloader[0m
[0;32mI (31) boot: compile time Sep 17 2024 10:53:55[0m
[0;32mI (31) boot: Multicore bootloader[0m
[0;32mI (34) boot: chip revision: v0.2[0m
[0;32mI (38) boot.esp32s3: Boot SPI Speed : 80MHz[0m
[0;32mI (43) boot.esp32s3: SPI Mode       : DIO[0m
[0;32mI (47) boot.esp32s3: SPI Flash Size : 8MB[0m
[0;32mI (52) boot: Enabling RNG early entropy source...[0m
[0;32mI (58) boot: Partition Table:[0m
[0;32mI (61) boot: ## Label            Usage          Type ST Offset   Length[0m
[0;32mI (68) boot:  0 nvs              WiFi data        01 02 00009000 00006000[0m
[0;32mI (76) boot:  1 phy_init         RF data          01 01 0000f000 00001000[0m
[0;32mI (83) boot:  2 factory          factory app      00 00 00010000 00100000[0m
[0;32mI (91) boot:  3 storage          Unknown data     01 81 00110000 00084000[0m
[0;32mI (98) boot: End of partition table[0m
[0;32mI (103) esp_image: segment 0: paddr=00010020 vaddr=3c060020 size=1890ch (100620) map[0m
[0;32mI (129) esp_image: segment 1: paddr=00028934 vaddr=3fc99600 size=03888h ( 14472) load[0m
[0;32mI (132) esp_image: segment 2: paddr=0002c1c4 vaddr=40374000 size=03e54h ( 15956) load[0m
[0;32mI (138) esp_image: segment 3: paddr=00030020 vaddr=42000020 size=57d1ch (359708) map[0m
[0;32mI (208) esp_image: segment 4: paddr=00087d44 vaddr=40377e54 size=11758h ( 71512) load[0m
[0;32mI (232) boot: Loaded app from partition at offset 0x10000[0m
[0;32mI (233) boot: Disabling RNG early entropy source...[0m
[0;33mW (244) flash HPM: HPM mode is optional feature that depends on flash model. Read Docs First![0m
[0;33mW (244) flash HPM: HPM mode with DC adjustment is disabled. Some flash models may not be supported. Read Docs First![0m
[0;33mW (253) flash HPM: High performance mode of this flash model hasn't been supported.[0m
[0;32mI (262) MSPI Timing: Flash timing tuning index: 2[0m
[0;32mI (267) octal_psram: vendor id    : 0x0d (AP)[0m
[0;32mI (272) octal_psram: dev id       : 0x02 (generation 3)[0m
[0;32mI (278) octal_psram: density      : 0x03 (64 Mbit)[0m
[0;32mI (283) octal_psram: good-die     : 0x01 (Pass)[0m
[0;32mI (288) octal_psram: Latency      : 0x01 (Fixed)[0m
[0;32mI (294) octal_psram: VCC          : 0x01 (3V)[0m
[0;32mI (299) octal_psram: SRF          : 0x01 (Fast Refresh)[0m
[0;32mI (305) octal_psram: BurstType    : 0x01 (Hybrid Wrap)[0m
[0;32mI (310) octal_psram: BurstLen     : 0x01 (32 Byte)[0m
[0;32mI (316) octal_psram: Readlatency  : 0x02 (10 cycles@Fixed)[0m
[0;32mI (322) octal_psram: DriveStrength: 0x00 (1/1)[0m
[0;32mI (336) MSPI Timing: PSRAM timing tuning index: 2[0m
[0;32mI (336) esp_psram: Found 8MB PSRAM device[0m
[0;32mI (338) esp_psram: Speed: 120MHz[0m
[0;32mI (351) mmu_psram: Read only data copied and mapped to SPIRAM[0m
[0;32mI (381) mmu_psram: Instructions copied and mapped to SPIRAM[0m
[0;32mI (381) cpu_start: Multicore app[0m
[0;32mI (667) esp_psram: SPI SRAM memory test OK[0m
[0;32mI (676) cpu_start: Pro cpu start user code[0m
[0;32mI (676) cpu_start: cpu freq: 240000000 Hz[0m
[0;32mI (676) app_init: Application information:[0m
[0;32mI (679) app_init: Project name:     wispr[0m
[0;32mI (684) app_init: App version:      20bd362-dirty[0m
[0;32mI (689) app_init: Compile time:     Sep 19 2024 22:12:09[0m
[0;32mI (695) app_init: ELF file SHA256:  6cdf4a719...[0m
[0;32mI (700) app_init: ESP-IDF:          v5.3[0m
[0;32mI (705) efuse_init: Min chip rev:     v0.0[0m
[0;32mI (710) efuse_init: Max chip rev:     v0.99 [0m
[0;32mI (715) efuse_init: Chip rev:         v0.2[0m
[0;32mI (719) heap_init: Initializing. RAM available for dynamic allocation:[0m
[0;32mI (727) heap_init: At 3FC9DE08 len 0004B908 (302 KiB): RAM[0m
[0;32mI (733) heap_init: At 3FCE9710 len 00005724 (21 KiB): RAM[0m
[0;32mI (739) heap_init: At 3FCF0000 len 00008000 (32 KiB): DRAM[0m
[0;32mI (745) heap_init: At 600FE100 len 00001EE8 (7 KiB): RTCRAM[0m
[0;32mI (751) esp_psram: Adding pool of 7680K of PSRAM memory to heap allocator[0m
[0;32mI (759) spi_flash: detected chip: gd[0m
[0;32mI (763) spi_flash: flash io: dio[0m
[0;33mW (767) i2c: This driver is an old driver, please migrate your application code to adapt `driver/i2c_master.h`[0m
[0;32mI (778) sleep: Configure to isolate all GPIO pins in sleep state[0m
[0;32mI (784) sleep: Enable automatic switching of GPIO sleep configuration[0m
[0;32mI (792) main_task: Started on CPU0[0m
[0;32mI (802) esp_psram: Reserving pool of 32K of internal memory for DMA/internal allocations[0m
[0;32mI (805) main_task: Calling app_main()[0m
[0;32mI (813) [APP]: First boot after flashing. Setting time...[0m
[0;32mI (815) [APP]: Time set to build time: Thu Sep 19 22:12:09 2024
[0m
[0;32mI (822) [APP]: Install RGB LCD panel driver[0m
[0;32mI (843) [APP]: Register event callbacks[0m
[0;32mI (843) [APP]: Initialize RGB LCD panel[0m
[0;32mI (843) [APP]: I2C initialized successfully[0m
[0;32mI (846) gpio: GPIO[4]| InputEn: 0| OutputEn: 1| OpenDrain: 0| Pullup: 0| Pulldown: 0| Intr:0 [0m
[0;32mI (1255) [APP]: Initialize I2C[0m
[0;32mI (1256) [APP]: Initialize touch IO (I2C)[0m
[0;32mI (1256) [APP]: Initialize touch controller GT911[0m
[0;32mI (1259) GT911: TouchPad_ID:0x39,0x31,0x31[0m
[0;32mI (1263) GT911: TouchPad_Config_Version:67[0m
[0;32mI (1268) [APP]: Initialize LVGL library[0m
[0;32mI (1272) [APP]: Free PSRAM: 7070064 bytes[0m
[0;32mI (1277) [APP]: Allocate separate LVGL draw buffers from PSRAM[0m
[0;32mI (1283) [APP]: Free PSRAM AFTER buf alloc: 6910060 bytes[0m
[0;32mI (1290) [APP]: Register display driver to LVGL[0m
[0;32mI (1296) [APP]: Install LVGL tick timer[0m
[0;32mI (1299) [APP]: Create LVGL task[0m
[0;32mI (1303) [APP]: Starting LVGL task[0m
[0;32mI (1361) [APP]: Display LVGL Scatter Chart[0m
Guru Meditation Error: Core  0 panic'ed (LoadProhibited). Exception was unhandled.

Core  0 register dump:
PC      : 0x400556d5  PS      : 0x00060430  A0      : 0x8204a78d  A1      : 0x3fca1200  
A2      : 0x00000024  A3      : 0x00000020  A4      : 0x000000ff  A5      : 0x0000ff00  
A6      : 0x00ff0000  A7      : 0xff000000  A8      : 0x00000000  A9      : 0x3fca1620  
A10     : 0x00000000  A11     : 0x3fca1630  A12     : 0x00000000  A13     : 0x00000000  
A14     : 0x3fcaff30  A15     : 0x3fc9d764  SAR     : 0x0000001a  EXCCAUSE: 0x0000001c  
EXCVADDR: 0x00000024  LBEG    : 0x400556d5  LEND    : 0x400556e5  LCOUNT  : 0xffffffff  


Backtrace: 0x400556d2:0x3fca1200 0x4204a78a:0x3fca1210 0x420414df:0x3fca1530 0x4200a089:0x3fca15f0 0x42009f73:0x3fca1710 0x42057137:0x3fca1870




ELF file SHA256: 6cdf4a719

Rebooting...
ï¿½ï¿½ï¿½ESP-ROM:esp32s3-20210327
Build:Mar 27 2021
rst:0xc (RTC_SW_CPU_RST),boot:0x8 (SPI_FAST_FLASH_BOOT)
Saved PC:0x40375ef8
SPIWP:0xee
mode:DIO, clock div:1
load:0x3fce2810,len:0x178c
load:0x403c8700,len:0x4
load:0x403c8704,len:0xcb8
load:0x403cb700,len:0x2db0
entry 0x403c8914
[0;32mI (31) boot: ESP-IDF v5.3 2nd stage bootloader[0m
[0;32mI (31) boot: compile time Sep 17 2024 10:53:55[0m
[0;32mI (31) boot: Multicore bootloader[0m
[0;32mI (34) boot: chip revision: v0.2[0m
[0;32mI (38) boot.esp32s3: Boot SPI Speed : 80MHz[0m
[0;32mI (43) boot.esp32s3: SPI Mode       : DIO[0m
[0;32mI (47) boot.esp32s3: SPI Flash Size : 8MB[0m
[0;32mI (52) boot: Enabling RNG early entropy source...[0m
[0;32mI (58) boot: Partition Table:[0m
[0;32mI (61) boot: ## Label            Usage          Type ST Offset   Length[0m
[0;32mI (68) boot:  0 nvs              WiFi data        01 02 00009000 00006000[0m
[0;32mI (76) boot:  1 phy_init         RF data          01 01 0000f000 00001000[0m
[0;32mI (83) boot:  2 factory          factory app      00 00 00010000 00100000[0m
[0;32mI (91) boot:  3 storage          Unknown data     01 81 00110000 00084000[0m
[0;32mI (98) boot: End of partition table[0m
[0;32mI (103) esp_image: segment 0: paddr=00010020 vaddr=3c060020 size=1890ch (100620) map[0m
[0;32mI (129) esp_image: segment 1: paddr=00028934 vaddr=3fc99600 size=03888h ( 14472) load[0m
[0;32mI (132) esp_image: segment 2: paddr=0002c1c4 vaddr=40374000 size=03e54h ( 15956) load[0m
[0;32mI (138) esp_image: segment 3: paddr=00030020 vaddr=42000020 size=57d1ch (359708) map[0m
[0;32mI (208) esp_image: segment 4: paddr=00087d44 vaddr=40377e54 size=11758h ( 71512) load[0m
[0;32mI (232) boot: Loaded app from partition at offset 0x10000[0m
[0;32mI (233) boot: Disabling RNG early entropy source...[0m
[0;33mW (244) flash HPM: HPM mode is optional feature that depends on flash model. Read Docs First![0m
[0;33mW (244) flash HPM: HPM mode with DC adjustment is disabled. Some flash models may not be supported. Read Docs First![0m
[0;33mW (253) flash HPM: High performance mode of this flash model hasn't been supported.[0m
[0;32mI (262) MSPI Timing: Flash timing tuning index: 2[0m
[0;32mI (267) octal_psram: vendor id    : 0x0d (AP)[0m
[0;32mI (272) octal_psram: dev id       : 0x02 (generation 3)[0m
[0;32mI (278) octal_psram: density      : 0x03 (64 Mbit)[0m
[0;32mI (283) octal_psram: good-die     : 0x01 (Pass)[0m
[0;32mI (288) octal_psram: Latency      : 0x01 (Fixed)[0m
[0;32mI (294) octal_psram: VCC          : 0x01 (3V)[0m
[0;32mI (299) octal_psram: SRF          : 0x01 (Fast Refresh)[0m
[0;32mI (305) octal_psram: BurstType    : 0x01 (Hybrid Wrap)[0m
[0;32mI (310) octal_psram: BurstLen     : 0x01 (32 Byte)[0m
[0;32mI (316) octal_psram: Readlatency  : 0x02 (10 cycles@Fixed)[0m
[0;32mI (322) octal_psram: DriveStrength: 0x00 (1/1)[0m
[0;32mI (336) MSPI Timing: PSRAM timing tuning index: 2[0m
[0;32mI (336) esp_psram: Found 8MB PSRAM device[0m
[0;32mI (338) esp_psram: Speed: 120MHz[0m
[0;32mI (351) mmu_psram: Read only data copied and mapped to SPIRAM[0m
[0;32mI (381) mmu_psram: Instructions copied and mapped to SPIRAM[0m
[0;32mI (381) cpu_start: Multicore app[0m
[0;32mI (667) esp_psram: SPI SRAM memory test OK[0m
[0;32mI (676) cpu_start: Pro cpu start user code[0m
[0;32mI (676) cpu_start: cpu freq: 240000000 Hz[0m
[0;32mI (676) app_init: Application information:[0m
[0;32mI (679) app_init: Project name:     wispr[0m
[0;32mI (684) app_init: App version:      20bd362-dirty[0m
[0;32mI (689) app_init: Compile time:     Sep 19 2024 22:12:09[0m
[0;32mI (695) app_init: ELF file SHA256:  6cdf4a719...[0m
[0;32mI (700) app_init: ESP-IDF:          v5.3[0m
[0;32mI (705) efuse_init: Min chip rev:     v0.0[0m
[0;32mI (710) efuse_init: Max chip rev:     v0.99 [0m
[0;32mI (715) efuse_init: Chip rev:         v0.2[0m
[0;32mI (719) heap_init: Initializing. RAM available for dynamic allocation:[0m
[0;32mI (727) heap_init: At 3FC9DE08 len 0004B908 (302 KiB): RAM[0m
[0;32mI (733) heap_init: At 3FCE9710 len 00005724 (21 KiB): RAM[0m
[0;32mI (739) heap_init: At 3FCF0000 len 00008000 (32 KiB): DRAM[0m
[0;32mI (745) heap_init: At 600FE100 len 00001EE8 (7 KiB): RTCRAM[0m
[0;32mI (751) esp_psram: Adding pool of 7680K of PSRAM memory to heap allocator[0m
[0;32mI (759) spi_flash: detected chip: gd[0m
[0;32mI (763) spi_flash: flash io: dio[0m
[0;33mW (767) i2c: This driver is an old driver, please migrate your application code to adapt `driver/i2c_master.h`[0m
[0;32mI (778) sleep: Configure to isolate all GPIO pins in sleep state[0m
[0;32mI (784) sleep: Enable automatic switching of GPIO sleep configuration[0m
[0;32mI (792) main_task: Started on CPU0[0m
[0;32mI (802) esp_psram: Reserving pool of 32K of internal memory for DMA/internal allocations[0m
[0;32mI (805) main_task: Calling app_main()[0m
[0;32mI (813) [APP]: First boot after flashing. Setting time...[0m
[0;32mI (815) [APP]: Time set to build time: Thu Sep 19 22:12:09 2024
[0m
[0;32mI (822) [APP]: Install RGB LCD panel driver[0m
[0;32mI (843) [APP]: Register event callbacks[0m
[0;32mI (843) [APP]: Initialize RGB LCD panel[0m
[0;32mI (843) [APP]: I2C initialized successfully[0m
[0;32mI (846) gpio: GPIO[4]| InputEn: 0| OutputEn: 1| OpenDrain: 0| Pullup: 0| Pulldown: 0| Intr:0 [0m
[0;32mI (1255) [APP]: Initialize I2C[0m
[0;32mI (1256) [APP]: Initialize touch IO (I2C)[0m
[0;32mI (1256) [APP]: Initialize touch controller GT911[0m
[0;32mI (1259) GT911: TouchPad_ID:0x39,0x31,0x31[0m
[0;32mI (1263) GT911: TouchPad_Config_Version:67[0m
[0;32mI (1268) [APP]: Initialize LVGL library[0m
[0;32mI (1272) [APP]: Free PSRAM: 7070064 bytes[0m
[0;32mI (1277) [APP]: Allocate separate LVGL draw buffers from PSRAM[0m
[0;32mI (1283) [APP]: Free PSRAM AFTER buf alloc: 6910060 bytes[0m
[0;32mI (1290) [APP]: Register display driver to LVGL[0m
[0;32mI (1296) [APP]: Install LVGL tick timer[0m
[0;32mI (1299) [APP]: Create LVGL task[0m
[0;32mI (1303) [APP]: Starting LVGL task[0m
[0;32mI (1361) [APP]: Display LVGL Scatter Chart[0m
Guru Meditation Error: Core  0 panic'ed (LoadProhibited). Exception was unhandled.

Core  0 register dump:
PC      : 0x400556d5  PS      : 0x00060430  A0      : 0x8204a78d  A1      : 0x3fca1200  
A2      : 0x00000024  A3      : 0x00000020  A4      : 0x000000ff  A5      : 0x0000ff00  
A6      : 0x00ff0000  A7      : 0xff000000  A8      : 0x00000000  A9      : 0x3fca1620  
A10     : 0x00000000  A11     : 0x3fca1630  A12     : 0x00000000  A13     : 0x00000000  
A14     : 0x3fcaff30  A15     : 0x3fc9d764  SAR     : 0x0000001a  EXCCAUSE: 0x0000001c  
EXCVADDR: 0x00000024  LBEG    : 0x400556d5  LEND    : 0x400556e5  LCOUNT  : 0xffffffff  


Backtrace: 0x400556d2:0x3fca1200 0x4204a78a:0x3fca1210 0x420414df:0x3fca1530 0x4200a089:0x3fca15f0 0x42009f73:0x3fca1710 0x42057137:0x3fca1870




ELF file SHA256: 6cdf4a719

Rebooting...
ï¿½ï¿½ï¿½ESP-ROM:esp32s3-20210327
Build:Mar 27 2021
rst:0xc (RTC_SW_CPU_RST),boot:0x8 (SPI_FAST_FLASH_BOOT)
Saved PC:0x40375ef8
SPIWP:0xee
mode:DIO, clock div:1
load:0x3fce2810,len:0x178c
load:0x403c8700,len:0x4
load:0x403c8704,len:0xcb8
load:0x403cb700,len:0x2db0
entry 0x403c8914
[0;32mI (31) boot: ESP-IDF v5.3 2nd stage bootloader[0m
[0;32mI (31) boot: compile time Sep 17 2024 10:53:55[0m
[0;32mI (31) boot: Multicore bootloader[0m
[0;32mI (34) boot: chip revision: v0.2[0m
[0;32mI (38) boot.esp32s3: Boot SPI Speed : 80MHz[0m
[0;32mI (43) boot.esp32s3: SPI Mode       : DIO[0m
[0;32mI (47) boot.esp32s3: SPI Flash Size : 8MB[0m
[0;32mI (52) boot: Enabling RNG early entropy source...[0m
[0;32mI (58) boot: Partition Table:[0m
[0;32mI (61) boot: ## Label            Usage          Type ST Offset   Length[0m
[0;32mI (68) boot:  0 nvs              WiFi data        01 02 00009000 00006000[0m
[0;32mI (76) boot:  1 phy_init         RF data          01 01 0000f000 00001000[0m
[0;32mI (83) boot:  2 factory          factory app      00 00 00010000 00100000[0m
[0;32mI (91) boot:  3 storage          Unknown data     01 81 00110000 00084000[0m
[0;32mI (98) boot: End of partition table[0m
[0;32mI (103) esp_image: segment 0: paddr=00010020 vaddr=3c060020 size=1890ch (100620) map[0m
[0;32mI (129) esp_image: segment 1: paddr=00028934 vaddr=3fc99600 size=03888h ( 14472) load[0m
[0;32mI (132) esp_image: segment 2: paddr=0002c1c4 vaddr=40374000 size=03e54h ( 15956) load[0m
[0;32mI (138) esp_image: segment 3: paddr=00030020 vaddr=42000020 size=57d1ch (359708) map[0m
[0;32mI (208) esp_image: segment 4: paddr=00087d44 vaddr=40377e54 size=11758h ( 71512) load[0m
[0;32mI (232) boot: Loaded app from partition at offset 0x10000[0m
[0;32mI (233) boot: Disabling RNG early entropy source...[0m
[0;33mW (244) flash HPM: HPM mode is optional feature that depends on flash model. Read Docs First![0m
[0;33mW (244) flash HPM: HPM mode with DC adjustment is disabled. Some flash models may not be supported. Read Docs First![0m
[0;33mW (253) flash HPM: High performance mode of this flash model hasn't been supported.[0m
[0;32mI (262) MSPI Timing: Flash timing tuning index: 2[0m
[0;32mI (267) octal_psram: vendor id    : 0x0d (AP)[0m
[0;32mI (272) octal_psram: dev id       : 0x02 (generation 3)[0m
[0;32mI (278) octal_psram: density      : 0x03 (64 Mbit)[0m
[0;32mI (283) octal_psram: good-die     : 0x01 (Pass)[0m
[0;32mI (288) octal_psram: Latency      : 0x01 (Fixed)[0m
[0;32mI (294) octal_psram: VCC          : 0x01 (3V)[0m
[0;32mI (299) octal_psram: SRF          : 0x01 (Fast Refresh)[0m
[0;32mI (305) octal_psram: BurstType    : 0x01 (Hybrid Wrap)[0m
[0;32mI (310) octal_psram: BurstLen     : 0x01 (32 Byte)[0m
[0;32mI (316) octal_psram: Readlatency  : 0x02 (10 cycles@Fixed)[0m
[0;32mI (322) octal_psram: DriveStrength: 0x00 (1/1)[0m
[0;32mI (336) MSPI Timing: PSRAM timing tuning index: 2[0m
[0;32mI (336) esp_psram: Found 8MB PSRAM device[0m
[0;32mI (338) esp_psram: Speed: 120MHz[0m
[0;32mI (351) mmu_psram: Read only data copied and mapped to SPIRAM[0m
[0;32mI (381) mmu_psram: Instructions copied and mapped to SPIRAM[0m
[0;32mI (381) cpu_start: Multicore app[0m
[0;32mI (667) esp_psram: SPI SRAM memory test OK[0m
[0;32mI (676) cpu_start: Pro cpu start user code[0m
[0;32mI (676) cpu_start: cpu freq: 240000000 Hz[0m
[0;32mI (676) app_init: Application information:[0m
[0;32mI (679) app_init: Project name:     wispr[0m
[0;32mI (684) app_init: App version:      20bd362-dirty[0m
[0;32mI (689) app_init: Compile time:     Sep 19 2024 22:12:09[0m
[0;32mI (695) app_init: ELF file SHA256:  6cdf4a719...[0m
[0;32mI (700) app_init: ESP-IDF:          v5.3[0m
[0;32mI (705) efuse_init: Min chip rev:     v0.0[0m
[0;32mI (710) efuse_init: Max chip rev:     v0.99 [0m
[0;32mI (715) efuse_init: Chip rev:         v0.2[0m
[0;32mI (719) heap_init: Initializing. RAM available for dynamic allocation:[0m
[0;32mI (727) heap_init: At 3FC9DE08 len 0004B908 (302 KiB): RAM[0m
[0;32mI (733) heap_init: At 3FCE9710 len 00005724 (21 KiB): RAM[0m
[0;32mI (739) heap_init: At 3FCF0000 len 00008000 (32 KiB): DRAM[0m
[0;32mI (745) heap_init: At 600FE100 len 00001EE8 (7 KiB): RTCRAM[0m
[0;32mI (751) esp_psram: Adding pool of 7680K of PSRAM memory to heap allocator[0m
[0;32mI (759) spi_flash: detected chip: gd[0m
[0;32mI (763) spi_flash: flash io: dio[0m
[0;33mW (767) i2c: This driver is an old driver, please migrate your application code to adapt `driver/i2c_master.h`[0m
[0;32mI (778) sleep: Configure to isolate all GPIO pins in sleep state[0m
[0;32mI (784) sleep: Enable automatic switching of GPIO sleep configuration[0m
[0;32mI (792) main_task: Started on CPU0[0m
[0;32mI (802) esp_psram: Reserving pool of 32K of internal memory for DMA/internal allocations[0m
[0;32mI (805) main_task: Calling app_main()[0m
[0;32mI (813) [APP]: First boot after flashing. Setting time...[0m
[0;32mI (815) [APP]: Time set to build time: Thu Sep 19 22:12:09 2024
[0m
[0;32mI (822) [APP]: Install RGB LCD panel driver[0m
[0;32mI (843) [APP]: Register event callbacks[0m
[0;32mI (843) [APP]: Initialize RGB LCD panel[0m
[0;32mI (843) [APP]: I2C initialized successfully[0m
[0;32mI (846) gpio: GPIO[4]| InputEn: 0| OutputEn: 1| OpenDrain: 0| Pullup: 0| Pulldown: 0| Intr:0 [0m
[0;32mI (1255) [APP]: Initialize I2C[0m
[0;32mI (1256) [APP]: Initialize touch IO (I2C)[0m
[0;32mI (1256) [APP]: Initialize touch controller GT911[0m
[0;32mI (1259) GT911: TouchPad_ID:0x39,0x31,0x31[0m
[0;32mI (1263) GT911: TouchPad_Config_Version:67[0m
[0;32mI (1268) [APP]: Initialize LVGL library[0m
[0;32mI (1272) [APP]: Free PSRAM: 7070064 bytes[0m
[0;32mI (1277) [APP]: Allocate separate LVGL draw buffers from PSRAM[0m
[0;32mI (1283) [APP]: Free PSRAM AFTER buf alloc: 6910060 bytes[0m
[0;32mI (1290) [APP]: Register display driver to LVGL[0m
[0;32mI (1296) [APP]: Install LVGL tick timer[0m
[0;32mI (1299) [APP]: Create LVGL task[0m
[0;32mI (1303) [APP]: Starting LVGL task[0m
[0;32mI (1361) [APP]: Display LVGL Scatter Chart[0m
Guru Meditation Error: Core  0 panic'ed (LoadProhibited). Exception was unhandled.

Core  0 register dump:
PC      : 0x400556d5  PS      : 0x00060430  A0      : 0x8204a78d  A1      : 0x3fca1200  
A2      : 0x00000024  A3      : 0x00000020  A4      : 0x000000ff  A5      : 0x0000ff00  
A6      : 0x00ff0000  A7      : 0xff000000  A8      : 0x00000000  A9      : 0x3fca1620  
A10     : 0x00000000  A11     : 0x3fca1630  A12     : 0x00000000  A13     : 0x00000000  
A14     : 0x3fcaff30  A15     : 0x3fc9d764  SAR     : 0x0000001a  EXCCAUSE: 0x0000001c  
EXCVADDR: 0x00000024  LBEG    : 0x400556d5  LEND    : 0x400556e5  LCOUNT  : 0xffffffff  


Backtrace: 0x400556d2:0x3fca1200 0x4204a78a:0x3fca1210 0x420414df:0x3fca1530 0x4200a089:0x3fca15f0 0x42009f73:0x3fca1710 0x42057137:0x3fca1870




ELF file SHA256: 6cdf4a719

Rebooting...
ï¿½ï¿½ï¿½ESP-ROM:esp32s3-20210327
Build:Mar 27 2021
rst:0xc (RTC_SW_CPU_RST),boot:0x8 (SPI_FAST_FLASH_BOOT)
Saved PC:0x40375ef8
SPIWP:0xee
mode:DIO, clock div:1
load:0x3fce2810,len:0x178c
load:0x403c8700,len:0x4
load:0x403c8704,len:0xcb8
load:0x403cb700,len:0x2db0
entry 0x403c8914
[0;32mI (31) boot: ESP-IDF v5.3 2nd stage bootloader[0m
[0;32mI (31) boot: compile time Sep 17 2024 10:53:55[0m
[0;32mI (31) boot: Multicore bootloader[0m
[0;32mI (34) boot: chip revision: v0.2[0m
[0;32mI (38) boot.esp32s3: Boot SPI Speed : 80MHz[0m
[0;32mI (43) boot.esp32s3: SPI Mode       : DIO[0m
[0;32mI (47) boot.esp32s3: SPI Flash Size : 8MB[0m
[0;32mI (52) boot: Enabling RNG early entropy source...[0m
[0;32mI (58) boot: Partition Table:[0m
[0;32mI (61) boot: ## Label            Usage          Type ST Offset   Length[0m
[0;32mI (68) boot:  0 nvs              WiFi data        01 02 00009000 00006000[0m
[0;32mI (76) boot:  1 phy_init         RF data          01 01 0000f000 00001000[0m
[0;32mI (83) boot:  2 factory          factory app      00 00 00010000 00100000[0m
[0;32mI (91) boot:  3 storage          Unknown data     01 81 00110000 00084000[0m
[0;32mI (98) boot: End of partition table[0m
[0;32mI (103) esp_image: segment 0: paddr=00010020 vaddr=3c060020 size=1890ch (100620) map[0m
[0;32mI (129) esp_image: segment 1: paddr=00028934 vaddr=3fc99600 size=03888h ( 14472) load[0m
[0;32mI (132) esp_image: segment 2: paddr=0002c1c4 vaddr=40374000 size=03e54h ( 15956) load[0m
[0;32mI (138) esp_image: segment 3: paddr=00030020 vaddr=42000020 size=57d1ch (359708) map[0m
[0;32mI (208) esp_image: segment 4: paddr=00087d44 vaddr=40377e54 size=11758h ( 71512) load[0m
[0;32mI (232) boot: Loaded app from partition at offset 0x10000[0m
[0;32mI (233) boot: Disabling RNG early entropy source...[0m
[0;33mW (244) flash HPM: HPM mode is optional feature that depends on flash model. Read Docs First![0m
[0;33mW (244) flash HPM: HPM mode with DC adjustment is disabled. Some flash models may not be supported. Read Docs First![0m
[0;33mW (253) flash HPM: High performance mode of this flash model hasn't been supported.[0m
[0;32mI (262) MSPI Timing: Flash timing tuning index: 2[0m
[0;32mI (267) octal_psram: vendor id    : 0x0d (AP)[0m
[0;32mI (272) octal_psram: dev id       : 0x02 (generation 3)[0m
[0;32mI (278) octal_psram: density      : 0x03 (64 Mbit)[0m
[0;32mI (283) octal_psram: good-die     : 0x01 (Pass)[0m
[0;32mI (288) octal_psram: Latency      : 0x01 (Fixed)[0m
[0;32mI (294) octal_psram: VCC          : 0x01 (3V)[0m
[0;32mI (299) octal_psram: SRF          : 0x01 (Fast Refresh)[0m
[0;32mI (305) octal_psram: BurstType    : 0x01 (Hybrid Wrap)[0m
[0;32mI (310) octal_psram: BurstLen     : 0x01 (32 Byte)[0m
[0;32mI (316) octal_psram: Readlatency  : 0x02 (10 cycles@Fixed)[0m
[0;32mI (322) octal_psram: DriveStrength: 0x00 (1/1)[0m
[0;32mI (335) MSPI Timing: PSRAM timing tuning index: 2[0m
[0;32mI (336) esp_psram: Found 8MB PSRAM device[0m
[0;32mI (338) esp_psram: Speed: 120MHz[0m
[0;32mI (351) mmu_psram: Read only data copied and mapped to SPIRAM[0m
[0;32mI (381) mmu_psram: Instructions copied and mapped to SPIRAM[0m
[0;32mI (381) cpu_start: Multicore app[0m
[0;32mI (667) esp_psram: SPI SRAM memory test OK[0m
[0;32mI (676) cpu_start: Pro cpu start user code[0m
[0;32mI (676) cpu_start: cpu freq: 240000000 Hz[0m
[0;32mI (676) app_init: Application information:[0m
[0;32mI (679) app_init: Project name:     wispr[0m
[0;32mI (684) app_init: App version:      20bd362-dirty[0m
[0;32mI (689) app_init: Compile time:     Sep 19 2024 22:12:09[0m
[0;32mI (695) app_init: ELF file SHA256:  6cdf4a719...[0m
[0;32mI (700) app_init: ESP-IDF:          v5.3[0m
[0;32mI (705) efuse_init: Min chip rev:     v0.0[0m
[0;32mI (710) efuse_init: Max chip rev:     v0.99 [0m
[0;32mI (715) efuse_init: Chip rev:         v0.2[0m
[0;32mI (719) heap_init: Initializing. RAM available for dynamic allocation:[0m
[0;32mI (727) heap_init: At 3FC9DE08 len 0004B908 (302 KiB): RAM[0m
[0;32mI (733) heap_init: At 3FCE9710 len 00005724 (21 KiB): RAM[0m
[0;32mI (739) heap_init: At 3FCF0000 len 00008000 (32 KiB): DRAM[0m
[0;32mI (745) heap_init: At 600FE100 len 00001EE8 (7 KiB): RTCRAM[0m
[0;32mI (751) esp_psram: Adding pool of 7680K of PSRAM memory to heap allocator[0m
[0;32mI (759) spi_flash: detected chip: gd[0m
[0;32mI (763) spi_flash: flash io: dio[0m
[0;33mW (767) i2c: This driver is an old driver, please migrate your application code to adapt `driver/i2c_master.h`[0m
[0;32mI (778) sleep: Configure to isolate all GPIO pins in sleep state[0m
[0;32mI (784) sleep: Enable automatic switching of GPIO sleep configuration[0m
[0;32mI (792) main_task: Started on CPU0[0m
[0;32mI (802) esp_psram: Reserving pool of 32K of internal memory for DMA/internal allocations[0m
[0;32mI (805) main_task: Calling app_main()[0m
[0;32mI (813) [APP]: First boot after flashing. Setting time...[0m
[0;32mI (815) [APP]: Time set to build time: Thu Sep 19 22:12:09 2024
[0m
[0;32mI (822) [APP]: Install RGB LCD panel driver[0m
[0;32mI (843) [APP]: Register event callbacks[0m
[0;32mI (843) [APP]: Initialize RGB LCD panel[0m
[0;32mI (843) [APP]: I2C initialized successfully[0m
[0;32mI (846) gpio: GPIO[4]| InputEn: 0| OutputEn: 1| OpenDrain: 0| Pullup: 0| Pulldown: 0| Intr:0 [0m
[0;32mI (1255) [APP]: Initialize I2C[0m
[0;32mI (1256) [APP]: Initialize touch IO (I2C)[0m
[0;32mI (1256) [APP]: Initialize touch controller GT911[0m
[0;32mI (1259) GT911: TouchPad_ID:0x39,0x31,0x31[0m
[0;32mI (1263) GT911: TouchPad_Config_Version:67[0m
[0;32mI (1268) [APP]: Initialize LVGL library[0m
[0;32mI (1272) [APP]: Free PSRAM: 7070064 bytes[0m
[0;32mI (1277) [APP]: Allocate separate LVGL draw buffers from PSRAM[0m
[0;32mI (1283) [APP]: Free PSRAM AFTER buf alloc: 6910060 bytes[0m
[0;32mI (1290) [APP]: Register display driver to LVGL[0m
[0;32mI (1296) [APP]: Install LVGL tick timer[0m
[0;32mI (1299) [APP]: Create LVGL task[0m
[0;32mI (1303) [APP]: Starting LVGL task[0m
[0;32mI (1361) [APP]: Display LVGL Scatter Chart[0m
Guru Meditation Error: Core  0 panic'ed (LoadProhibited). Exception was unhandled.

Core  0 register dump:
PC      : 0x400556d5  PS      : 0x00060430  A0      : 0x8204a78d  A1      : 0x3fca1200  
A2      : 0x00000024  A3      : 0x00000020  A4      : 0x000000ff  A5      : 0x0000ff00  
A6      : 0x00ff0000  A7      : 0xff000000  A8      : 0x00000000  A9      : 0x3fca1620  
A10     : 0x00000000  A11     : 0x3fca1630  A12     : 0x00000000  A13     : 0x00000000  
A14     : 0x3fcaff30  A15     : 0x3fc9d764  SAR     : 0x0000001a  EXCCAUSE: 0x0000001c  
EXCVADDR: 0x00000024  LBEG    : 0x400556d5  LEND    : 0x400556e5  LCOUNT  : 0xffffffff  


Backtrace: 0x400556d2:0x3fca1200 0x4204a78a:0x3fca1210 0x420414df:0x3fca1530 0x4200a089:0x3fca15f0 0x42009f73:0x3fca1710 0x42057137:0x3fca1870




ELF file SHA256: 6cdf4a719

Rebooting...
ï¿½ï¿½ï¿½ESP-ROM:esp32s3-20210327
Build:Mar 27 2021
rst:0xc (RTC_SW_CPU_RST),boot:0x8 (SPI_FAST_FLASH_BOOT)
Saved PC:0x40375ef8
SPIWP:0xee
mode:DIO, clock div:1
load:0x3fce2810,len:0x178c
load:0x403c8700,len:0x4
load:0x403c8704,len:0xcb8
load:0x403cb700,len:0x2db0
entry 0x403c8914
[0;32mI (31) boot: ESP-IDF v5.3 2nd stage bootloader[0m
[0;32mI (31) boot: compile time Sep 17 2024 10:53:55[0m
[0;32mI (31) boot: Multicore bootloader[0m
[0;32mI (34) boot: chip revision: v0.2[0m
[0;32mI (38) boot.esp32s3: Boot SPI Speed : 80MHz[0m
[0;32mI (43) boot.esp32s3: SPI Mode       : DIO[0m
[0;32mI (47) boot.esp32s3: SPI Flash Size : 8MB[0m
[0;32mI (52) boot: Enabling RNG early entropy source...[0m
[0;32mI (58) boot: Partition Table:[0m
[0;32mI (61) boot: ## Label            Usage          Type ST Offset   Length[0m
[0;32mI (68) boot:  0 nvs              WiFi data        01 02 00009000 00006000[0m
[0;32mI (76) boot:  1 phy_init         RF data          01 01 0000f000 00001000[0m
[0;32mI (83) boot:  2 factory          factory app      00 00 00010000 00100000[0m
[0;32mI (91) boot:  3 storage          Unknown data     01 81 00110000 00084000[0m
[0;32mI (98) boot: End of partition table[0m
[0;32mI (103) esp_image: segment 0: paddr=00010020 vaddr=3c060020 size=1890ch (100620) map[0m
[0;32mI (129) esp_image: segment 1: paddr=00028934 vaddr=3fc99600 size=03888h ( 14472) load[0m
[0;32mI (132) esp_image: segment 2: paddr=0002c1c4 vaddr=40374000 size=03e54h ( 15956) load[0m
[0;32mI (138) esp_image: segment 3: paddr=00030020 vaddr=42000020 size=57d1ch (359708) map[0m
[0;32mI (208) esp_image: segment 4: paddr=00087d44 vaddr=40377e54 size=11758h ( 71512) load[0m
[0;32mI (232) boot: Loaded app from partition at offset 0x10000[0m
[0;32mI (233) boot: Disabling RNG early entropy source...[0m
[0;33mW (244) flash HPM: HPM mode is optional feature that depends on flash model. Read Docs First![0m
[0;33mW (244) flash HPM: HPM mode with DC adjustment is disabled. Some flash models may not be supported. Read Docs First![0m
[0;33mW (253) flash HPM: High performance mode of this flash model hasn't been supported.[0m
[0;32mI (262) MSPI Timing: Flash timing tuning index: 2[0m
[0;32mI (267) octal_psram: vendor id    : 0x0d (AP)[0m
[0;32mI (272) octal_psram: dev id       : 0x02 (generation 3)[0m
[0;32mI (278) octal_psram: density      : 0x03 (64 Mbit)[0m
[0;32mI (283) octal_psram: good-die     : 0x01 (Pass)[0m
[0;32mI (288) octal_psram: Latency      : 0x01 (Fixed)[0m
[0;32mI (294) octal_psram: VCC          : 0x01 (3V)[0m
[0;32mI (299) octal_psram: SRF          : 0x01 (Fast Refresh)[0m
[0;32mI (305) octal_psram: BurstType    : 0x01 (Hybrid Wrap)[0m
[0;32mI (310) octal_psram: BurstLen     : 0x01 (32 Byte)[0m
[0;32mI (316) octal_psram: Readlatency  : 0x02 (10 cycles@Fixed)[0m
[0;32mI (322) octal_psram: DriveStrength: 0x00 (1/1)[0m
[0;32mI (336) MSPI Timing: PSRAM timing tuning index: 2[0m
[0;32mI (336) esp_psram: Found 8MB PSRAM device[0m
[0;32mI (338) esp_psram: Speed: 120MHz[0m
[0;32mI (351) mmu_psram: Read only data copied and mapped to SPIRAM[0m
[0;32mI (381) mmu_psram: Instructions copied and mapped to SPIRAM[0m
[0;32mI (381) cpu_start: Multicore app[0m
[0;32mI (667) esp_psram: SPI SRAM memory test OK[0m
[0;32mI (676) cpu_start: Pro cpu start user code[0m
[0;32mI (676) cpu_start: cpu freq: 240000000 Hz[0m
[0;32mI (676) app_init: Application information:[0m
[0;32mI (679) app_init: Project name:     wispr[0m
[0;32mI (684) app_init: App version:      20bd362-dirty[0m
[0;32mI (689) app_init: Compile time:     Sep 19 2024 22:12:09[0m
[0;32mI (695) app_init: ELF file SHA256:  6cdf4a719...[0m
[0;32mI (700) app_init: ESP-IDF:          v5.3[0m
[0;32mI (705) efuse_init: Min chip rev:     v0.0[0m
[0;32mI (710) efuse_init: Max chip rev:     v0.99 [0m
[0;32mI (715) efuse_init: Chip rev:         v0.2[0m
[0;32mI (719) heap_init: Initializing. RAM available for dynamic allocation:[0m
[0;32mI (727) heap_init: At 3FC9DE08 len 0004B908 (302 KiB): RAM[0m
[0;32mI (733) heap_init: At 3FCE9710 len 00005724 (21 KiB): RAM[0m
[0;32mI (739) heap_init: At 3FCF0000 len 00008000 (32 KiB): DRAM[0m
[0;32mI (745) heap_init: At 600FE100 len 00001EE8 (7 KiB): RTCRAM[0m
[0;32mI (751) esp_psram: Adding pool of 7680K of PSRAM memory to heap allocator[0m
[0;32mI (759) spi_flash: detected chip: gd[0m
[0;32mI (763) spi_flash: flash io: dio[0m
[0;33mW (767) i2c: This driver is an old driver, please migrate your application code to adapt `driver/i2c_master.h`[0m
[0;32mI (778) sleep: Configure to isolate all GPIO pins in sleep state[0m
[0;32mI (784) sleep: Enable automatic switching of GPIO sleep configuration[0m
[0;32mI (792) main_task: Started on CPU0[0m
[0;32mI (802) esp_psram: Reserving pool of 32K of internal memory for DMA/internal allocations[0m
[0;32mI (805) main_task: Calling app_main()[0m
[0;32mI (813) [APP]: First boot after flashing. Setting time...[0m
[0;32mI (815) [APP]: Time set to build time: Thu Sep 19 22:12:09 2024
[0m
[0;32mI (822) [APP]: Install RGB LCD panel driver[0m
[0;32mI (843) [APP]: Register event callbacks[0m
[0;32mI (843) [APP]: Initialize RGB LCD panel[0m
[0;32mI (843) [APP]: I2C initialized successfully[0m
[0;32mI (846) gpio: GPIO[4]| InputEn: 0| OutputEn: 1| OpenDrain: 0| Pullup: 0| Pulldown: 0| Intr:0 [0m
[0;32mI (1255) [APP]: Initialize I2C[0m
[0;32mI (1256) [APP]: Initialize touch IO (I2C)[0m
[0;32mI (1256) [APP]: Initialize touch controller GT911[0m
[0;32mI (1259) GT911: TouchPad_ID:0x39,0x31,0x31[0m
[0;32mI (1263) GT911: TouchPad_Config_Version:67[0m
[0;32mI (1268) [APP]: Initialize LVGL library[0m
[0;32mI (1272) [APP]: Free PSRAM: 7070064 bytes[0m
[0;32mI (1277) [APP]: Allocate separate LVGL draw buffers from PSRAM[0m
[0;32mI (1283) [APP]: Free PSRAM AFTER buf alloc: 6910060 bytes[0m
[0;32mI (1290) [APP]: Register display driver to LVGL[0m
[0;32mI (1296) [APP]: Install LVGL tick timer[0m
[0;32mI (1299) [APP]: Create LVGL task[0m
[0;32mI (1303) [APP]: Starting LVGL task[0m
[0;32mI (1361) [APP]: Display LVGL Scatter Chart[0m
Guru Meditation Error: Core  0 panic'ed (LoadProhibited). Exception was unhandled.

Core  0 register dump:
PC      : 0x400556d5  PS      : 0x00060430  A0      : 0x8204a78d  A1      : 0x3fca1200  
A2      : 0x00000024  A3      : 0x00000020  A4      : 0x000000ff  A5      : 0x0000ff00  
A6      : 0x00ff0000  A7      : 0xff000000  A8      : 0x00000000  A9      : 0x3fca1620  
A10     : 0x00000000  A11     : 0x3fca1630  A12     : 0x00000000  A13     : 0x00000000  
A14     : 0x3fcaff30  A15     : 0x3fc9d764  SAR     : 0x0000001a  EXCCAUSE: 0x0000001c  
EXCVADDR: 0x00000024  LBEG    : 0x400556d5  LEND    : 0x400556e5  LCOUNT  : 0xffffffff  


Backtrace: 0x400556d2:0x3fca1200 0x4204a78a:0x3fca1210 0x420414df:0x3fca1530 0x4200a089:0x3fca15f0 0x42009f73:0x3fca1710 0x42057137:0x3fca1870




ELF file SHA256: 6cdf4a719

Rebooting...
ï¿½ï¿½ï¿½ESP-ROM:esp32s3-20210327
Build:Mar 27 2021
rst:0xc (RTC_SW_CPU_RST),boot:0x8 (SPI_FAST_FLASH_BOOT)
Saved PC:0x40375ef8
SPIWP:0xee
mode:DIO, clock div:1
load:0x3fce2810,len:0x178c
load:0x403c8700,len:0x4
load:0x403c8704,len:0xcb8
load:0x403cb700,len:0x2db0
entry 0x403c8914
[0;32mI (31) boot: ESP-IDF v5.3 2nd stage bootloader[0m
[0;32mI (31) boot: compile time Sep 17 2024 10:53:55[0m
[0;32mI (31) boot: Multicore bootloader[0m
[0;32mI (34) boot: chip revision: v0.2[0m
[0;32mI (38) boot.esp32s3: Boot SPI Speed : 80MHz[0m
[0;32mI (43) boot.esp32s3: SPI Mode       : DIO[0m
[0;32mI (47) boot.esp32s3: SPI Flash Size : 8MB[0m
[0;32mI (52) boot: Enabling RNG early entropy source...[0m
[0;32mI (58) boot: Partition Table:[0m
[0;32mI (61) boot: ## Label            Usage          Type ST Offset   Length[0m
[0;32mI (68) boot:  0 nvs              WiFi data        01 02 00009000 00006000[0m
[0;32mI (76) boot:  1 phy_init         RF data          01 01 0000f000 00001000[0m
[0;32mI (83) boot:  2 factory          factory app      00 00 00010000 00100000[0m
[0;32mI (91) boot:  3 storage          Unknown data     01 81 00110000 00084000[0m
[0;32mI (98) boot: End of partition table[0m
[0;32mI (103) esp_image: segment 0: paddr=00010020 vaddr=3c060020 size=1890ch (100620) map[0m
[0;32mI (129) esp_image: segment 1: paddr=00028934 vaddr=3fc99600 size=03888h ( 14472) load[0m
[0;32mI (132) esp_image: segment 2: paddr=0002c1c4 vaddr=40374000 size=03e54h ( 15956) load[0m
[0;32mI (138) esp_image: segment 3: paddr=00030020 vaddr=42000020 size=57d1ch (359708) map[0m
[0;32mI (208) esp_image: segment 4: paddr=00087d44 vaddr=40377e54 size=11758h ( 71512) load[0m
[0;32mI (232) boot: Loaded app from partition at offset 0x10000[0m
[0;32mI (233) boot: Disabling RNG early entropy source...[0m
[0;33mW (244) flash HPM: HPM mode is optional feature that depends on flash model. Read Docs First![0m
[0;33mW (244) flash HPM: HPM mode with DC adjustment is disabled. Some flash models may not be supported. Read Docs First![0m
[0;33mW (253) flash HPM: High performance mode of this flash model hasn't been supported.[0m
[0;32mI (262) MSPI Timing: Flash timing tuning index: 2[0m
[0;32mI (267) octal_psram: vendor id    : 0x0d (AP)[0m
[0;32mI (272) octal_psram: dev id       : 0x02 (generation 3)[0m
[0;32mI (278) octal_psram: density      : 0x03 (64 Mbit)[0m
[0;32mI (283) octal_psram: good-die     : 0x01 (Pass)[0m
[0;32mI (288) octal_psram: Latency      : 0x01 (Fixed)[0m
[0;32mI (294) octal_psram: VCC          : 0x01 (3V)[0m
[0;32mI (299) octal_psram: SRF          : 0x01 (Fast Refresh)[0m
[0;32mI (305) octal_psram: BurstType    : 0x01 (Hybrid Wrap)[0m
[0;32mI (310) octal_psram: BurstLen     : 0x01 (32 Byte)[0m
[0;32mI (316) octal_psram: Readlatency  : 0x02 (10 cycles@Fixed)[0m
[0;32mI (322) octal_psram: DriveStrength: 0x00 (1/1)[0m
[0;32mI (336) MSPI Timing: PSRAM timing tuning index: 2[0m
[0;32mI (336) esp_psram: Found 8MB PSRAM device[0m
[0;32mI (338) esp_psram: Speed: 120MHz[0m
[0;32mI (351) mmu_psram: Read only data copied and mapped to SPIRAM[0m
[0;32mI (381) mmu_psram: Instructions copied and mapped to SPIRAM[0m
[0;32mI (381) cpu_start: Multicore app[0m
[0;32mI (667) esp_psram: SPI SRAM memory test OK[0m
[0;32mI (676) cpu_start: Pro cpu start user code[0m
[0;32mI (676) cpu_start: cpu freq: 240000000 Hz[0m
[0;32mI (676) app_init: Application information:[0m
[0;32mI (679) app_init: Project name:     wispr[0m
[0;32mI (684) app_init: App version:      20bd362-dirty[0m
[0;32mI (689) app_init: Compile time:     Sep 19 2024 22:12:09[0m
[0;32mI (695) app_init: ELF file SHA256:  6cdf4a719...[0m
[0;32mI (700) app_init: ESP-IDF:          v5.3[0m
[0;32mI (705) efuse_init: Min chip rev:     v0.0[0m
[0;32mI (710) efuse_init: Max chip rev:     v0.99 [0m
[0;32mI (715) efuse_init: Chip rev:         v0.2[0m
[0;32mI (719) heap_init: Initializing. RAM available for dynamic allocation:[0m
[0;32mI (727) heap_init: At 3FC9DE08 len 0004B908 (302 KiB): RAM[0m
[0;32mI (733) heap_init: At 3FCE9710 len 00005724 (21 KiB): RAM[0m
[0;32mI (739) heap_init: At 3FCF0000 len 00008000 (32 KiB): DRAM[0m
[0;32mI (745) heap_init: At 600FE100 len 00001EE8 (7 KiB): RTCRAM[0m
[0;32mI (751) esp_psram: Adding pool of 7680K of PSRAM memory to heap allocator[0m
[0;32mI (759) spi_flash: detected chip: gd[0m
[0;32mI (763) spi_flash: flash io: dio[0m
[0;33mW (767) i2c: This driver is an old driver, please migrate your application code to adapt `driver/i2c_master.h`[0m
[0;32mI (778) sleep: Configure to isolate all GPIO pins in sleep state[0m
[0;32mI (784) sleep: Enable automatic switching of GPIO sleep configuration[0m
[0;32mI (792) main_task: Started on CPU0[0m
[0;32mI (802) esp_psram: Reserving pool of 32K of internal memory for DMA/internal allocations[0m
[0;32mI (805) main_task: Calling app_main()[0m
[0;32mI (813) [APP]: First boot after flashing. Setting time...[0m
[0;32mI (815) [APP]: Time set to build time: Thu Sep 19 22:12:09 2024
[0m
[0;32mI (822) [APP]: Install RGB LCD panel driver[0m
[0;32mI (843) [APP]: Register event callbacks[0m
[0;32mI (843) [APP]: Initialize RGB LCD panel[0m
[0;32mI (843) [APP]: I2C initialized successfully[0m
[0;32mI (846) gpio: GPIO[4]| InputEn: 0| OutputEn: 1| OpenDrain: 0| Pullup: 0| Pulldown: 0| Intr:0 [0m
[0;32mI (1255) [APP]: Initialize I2C[0m
[0;32mI (1256) [APP]: Initialize touch IO (I2C)[0m
[0;32mI (1256) [APP]: Initialize touch controller GT911[0m
[0;32mI (1259) GT911: TouchPad_ID:0x39,0x31,0x31[0m
[0;32mI (1263) GT911: TouchPad_Config_Version:67[0m
[0;32mI (1268) [APP]: Initialize LVGL library[0m
[0;32mI (1272) [APP]: Free PSRAM: 7070064 bytes[0m
[0;32mI (1277) [APP]: Allocate separate LVGL draw buffers from PSRAM[0m
[0;32mI (1283) [APP]: Free PSRAM AFTER buf alloc: 6910060 bytes[0m
[0;32mI (1290) [APP]: Register display driver to LVGL[0m
[0;32mI (1296) [APP]: Install LVGL tick timer[0m
[0;32mI (1299) [APP]: Create LVGL task[0m
[0;32mI (1303) [APP]: Starting LVGL task[0m
[0;32mI (1361) [APP]: Display LVGL Scatter Chart[0m
Guru Meditation Error: Core  0 panic'ed (LoadProhibited). Exception was unhandled.

Core  0 register dump:
PC      : 0x400556d5  PS      : 0x00060430  A0      : 0x8204a78d  A1      : 0x3fca1200  
A2      : 0x00000024  A3      : 0x00000020  A4      : 0x000000ff  A5      : 0x0000ff00  
A6      : 0x00ff0000  A7      : 0xff000000  A8      : 0x00000000  A9      : 0x3fca1620  
A10     : 0x00000000  A11     : 0x3fca1630  A12     : 0x00000000  A13     : 0x00000000  
A14     : 0x3fcaff30  A15     : 0x3fc9d764  SAR     : 0x0000001a  EXCCAUSE: 0x0000001c  
EXCVADDR: 0x00000024  LBEG    : 0x400556d5  LEND    : 0x400556e5  LCOUNT  : 0xffffffff  


Backtrace: 0x400556d2:0x3fca1200 0x4204a78a:0x3fca1210 0x420414df:0x3fca1530 0x4200a089:0x3fca15f0 0x42009f73:0x3fca1710 0x42057137:0x3fca1870




ELF file SHA256: 6cdf4a719

Rebooting...
ï¿½ï¿½ï¿½ESP-ROM:esp32s3-20210327
Build:Mar 27 2021
rst:0xc (RTC_SW_CPU_RST),boot:0x8 (SPI_FAST_FLASH_BOOT)
Saved PC:0x40375ef8
SPIWP:0xee
mode:DIO, clock div:1
load:0x3fce2810,len:0x178c
load:0x403c8700,len:0x4
load:0x403c8704,len:0xcb8
load:0x403cb700,len:0x2db0
entry 0x403c8914
[0;32mI (31) boot: ESP-IDF v5.3 2nd stage bootloader[0m
[0;32mI (31) boot: compile time Sep 17 2024 10:53:55[0m
[0;32mI (31) boot: Multicore bootloader[0m
[0;32mI (34) boot: chip revision: v0.2[0m
[0;32mI (38) boot.esp32s3: Boot SPI Speed : 80MHz[0m
[0;32mI (43) boot.esp32s3: SPI Mode       : DIO[0m
[0;32mI (47) boot.esp32s3: SPI Flash Size : 8MB[0m
[0;32mI (52) boot: Enabling RNG early entropy source...[0m
[0;32mI (58) boot: Partition Table:[0m
[0;32mI (61) boot: ## Label            Usage          Type ST Offset   Length[0m
[0;32mI (68) boot:  0 nvs              WiFi data        01 02 00009000 00006000[0m
[0;32mI (76) boot:  1 phy_init         RF data          01 01 0000f000 00001000[0m
[0;32mI (83) boot:  2 factory          factory app      00 00 00010000 00100000[0m
[0;32mI (91) boot:  3 storage          Unknown data     01 81 00110000 00084000[0m
[0;32mI (98) boot: End of partition table[0m
[0;32mI (103) esp_image: segment 0: paddr=00010020 vaddr=3c060020 size=1890ch (100620) map[0m
[0;32mI (129) esp_image: segment 1: paddr=00028934 vaddr=3fc99600 size=03888h ( 14472) load[0m
[0;32mI (132) esp_image: segment 2: paddr=0002c1c4 vaddr=40374000 size=03e54h ( 15956) load[0m
[0;32mI (138) esp_image: segment 3: paddr=00030020 vaddr=42000020 size=57d1ch (359708) map[0m
[0;32mI (208) esp_image: segment 4: paddr=00087d44 vaddr=40377e54 size=11758h ( 71512) load[0m
[0;32mI (232) boot: Loaded app from partition at offset 0x10000[0m
[0;32mI (233) boot: Disabling RNG early entropy source...[0m
[0;33mW (244) flash HPM: HPM mode is optional feature that depends on flash model. Read Docs First![0m
[0;33mW (244) flash HPM: HPM mode with DC adjustment is disabled. Some flash models may not be supported. Read Docs First![0m
[0;33mW (253) flash HPM: High performance mode of this flash model hasn't been supported.[0m
[0;32mI (262) MSPI Timing: Flash timing tuning index: 2[0m
[0;32mI (267) octal_psram: vendor id    : 0x0d (AP)[0m
[0;32mI (272) octal_psram: dev id       : 0x02 (generation 3)[0m
[0;32mI (278) octal_psram: density      : 0x03 (64 Mbit)[0m
[0;32mI (283) octal_psram: good-die     : 0x01 (Pass)[0m
[0;32mI (288) octal_psram: Latency      : 0x01 (Fixed)[0m
[0;32mI (294) octal_psram: VCC          : 0x01 (3V)[0m
[0;32mI (299) octal_psram: SRF          : 0x01 (Fast Refresh)[0m
[0;32mI (305) octal_psram: BurstType    : 0x01 (Hybrid Wrap)[0m
[0;32mI (310) octal_psram: BurstLen     : 0x01 (32 Byte)[0m
[0;32mI (316) octal_psram: Readlatency  : 0x02 (10 cycles@Fixed)[0m
[0;32mI (322) octal_psram: DriveStrength: 0x00 (1/1)[0m
[0;32mI (336) MSPI Timing: PSRAM timing tuning index: 2[0m
[0;32mI (336) esp_psram: Found 8MB PSRAM device[0m
[0;32mI (338) esp_psram: Speed: 120MHz[0m
[0;32mI (351) mmu_psram: Read only data copied and mapped to SPIRAM[0m
[0;32mI (381) mmu_psram: Instructions copied and mapped to SPIRAM[0m
[0;32mI (381) cpu_start: Multicore app[0m
[0;32mI (667) esp_psram: SPI SRAM memory test OK[0m
[0;32mI (676) cpu_start: Pro cpu start user code[0m
[0;32mI (676) cpu_start: cpu freq: 240000000 Hz[0m
[0;32mI (676) app_init: Application information:[0m
[0;32mI (679) app_init: Project name:     wispr[0m
[0;32mI (684) app_init: App version:      20bd362-dirty[0m
[0;32mI (689) app_init: Compile time:     Sep 19 2024 22:12:09[0m
[0;32mI (695) app_init: ELF file SHA256:  6cdf4a719...[0m
[0;32mI (700) app_init: ESP-IDF:          v5.3[0m
[0;32mI (705) efuse_init: Min chip rev:     v0.0[0m
[0;32mI (710) efuse_init: Max chip rev:     v0.99 [0m
[0;32mI (715) efuse_init: Chip rev:         v0.2[0m
[0;32mI (719) heap_init: Initializing. RAM available for dynamic allocation:[0m
[0;32mI (727) heap_init: At 3FC9DE08 len 0004B908 (302 KiB): RAM[0m
[0;32mI (733) heap_init: At 3FCE9710 len 00005724 (21 KiB): RAM[0m
[0;32mI (739) heap_init: At 3FCF0000 len 00008000 (32 KiB): DRAM[0m
[0;32mI (745) heap_init: At 600FE100 len 00001EE8 (7 KiB): RTCRAM[0m
[0;32mI (751) esp_psram: Adding pool of 7680K of PSRAM memory to heap allocator[0m
[0;32mI (759) spi_flash: detected chip: gd[0m
[0;32mI (763) spi_flash: flash io: dio[0m
[0;33mW (767) i2c: This driver is an old driver, please migrate your application code to adapt `driver/i2c_master.h`[0m
[0;32mI (778) sleep: Configure to isolate all GPIO pins in sleep state[0m
[0;32mI (784) sleep: Enable automatic switching of GPIO sleep configuration[0m
[0;32mI (792) main_task: Started on CPU0[0m
[0;32mI (802) esp_psram: Reserving pool of 32K of internal memory for DMA/internal allocations[0m
[0;32mI (805) main_task: Calling app_main()[0m
[0;32mI (813) [APP]: First boot after flashing. Setting time...[0m
[0;32mI (815) [APP]: Time set to build time: Thu Sep 19 22:12:09 2024
[0m
[0;32mI (822) [APP]: Install RGB LCD panel driver[0m
[0;32mI (843) [APP]: Register event callbacks[0m
[0;32mI (843) [APP]: Initialize RGB LCD panel[0m
[0;32mI (843) [APP]: I2C initialized successfully[0m
[0;32mI (846) gpio: GPIO[4]| InputEn: 0| OutputEn: 1| OpenDrain: 0| Pullup: 0| Pulldown: 0| Intr:0 [0m
[0;32mI (1255) [APP]: Initialize I2C[0m
[0;32mI (1256) [APP]: Initialize touch IO (I2C)[0m
[0;32mI (1256) [APP]: Initialize touch controller GT911[0m
[0;32mI (1259) GT911: TouchPad_ID:0x39,0x31,0x31[0m
[0;32mI (1263) GT911: TouchPad_Config_Version:67[0m
[0;32mI (1268) [APP]: Initialize LVGL library[0m
[0;32mI (1272) [APP]: Free PSRAM: 7070064 bytes[0m
[0;32mI (1277) [APP]: Allocate separate LVGL draw buffers from PSRAM[0m
[0;32mI (1283) [APP]: Free PSRAM AFTER buf alloc: 6910060 bytes[0m
[0;32mI (1290) [APP]: Register display driver to LVGL[0m
[0;32mI (1296) [APP]: Install LVGL tick timer[0m
[0;32mI (1299) [APP]: Create LVGL task[0m
[0;32mI (1303) [APP]: Starting LVGL task[0m
[0;32mI (1361) [APP]: Display LVGL Scatter Chart[0m
Guru Meditation Error: Core  0 panic'ed (LoadProhibited). Exception was unhandled.

Core  0 register dump:
PC      : 0x400556d5  PS      : 0x00060430  A0      : 0x8204a78d  A1      : 0x3fca1200  
A2      : 0x00000024  A3      : 0x00000020  A4      : 0x000000ff  A5      : 0x0000ff00  
A6      : 0x00ff0000  A7      : 0xff000000  A8      : 0x00000000  A9      : 0x3fca1620  
A10     : 0x00000000  A11     : 0x3fca1630  A12     : 0x00000000  A13     : 0x00000000  
A14     : 0x3fcaff30  A15     : 0x3fc9d764  SAR     : 0x0000001a  EXCCAUSE: 0x0000001c  
EXCVADDR: 0x00000024  LBEG    : 0x400556d5  LEND    : 0x400556e5  LCOUNT  : 0xffffffff  


Backtrace: 0x400556d2:0x3fca1200 0x4204a78a:0x3fca1210 0x420414df:0x3fca1530 0x4200a089:0x3fca15f0 0x42009f73:0x3fca1710 0x42057137:0x3fca1870




ELF file SHA256: 6cdf4a719

Rebooting...
ï¿½ï¿½ï¿½ESP-ROM:esp32s3-20210327
Build:Mar 27 2021
rst:0xc (RTC_SW_CPU_RST),boot:0x8 (SPI_FAST_FLASH_BOOT)
Saved PC:0x40375ef8
SPIWP:0xee
mode:DIO, clock div:1
load:0x3fce2810,len:0x178c
load:0x403c8700,len:0x4
load:0x403c8704,len:0xcb8
load:0x403cb700,len:0x2db0
entry 0x403c8914
[0;32mI (31) boot: ESP-IDF v5.3 2nd stage bootloader[0m
[0;32mI (31) boot: compile time Sep 17 2024 10:53:55[0m
[0;32mI (31) boot: Multicore bootloader[0m
[0;32mI (34) boot: chip revision: v0.2[0m
[0;32mI (38) boot.esp32s3: Boot SPI Speed : 80MHz[0m
[0;32mI (43) boot.esp32s3: SPI Mode       : DIO[0m
[0;32mI (47) boot.esp32s3: SPI Flash Size : 8MB[0m
[0;32mI (52) boot: Enabling RNG early entropy source...[0m
[0;32mI (58) boot: Partition Table:[0m
[0;32mI (61) boot: ## Label            Usage          Type ST Offset   Length[0m
[0;32mI (68) boot:  0 nvs              WiFi data        01 02 00009000 00006000[0m
[0;32mI (76) boot:  1 phy_init         RF data          01 01 0000f000 00001000[0m
[0;32mI (83) boot:  2 factory          factory app      00 00 00010000 00100000[0m
[0;32mI (91) boot:  3 storage          Unknown data     01 81 00110000 00084000[0m
[0;32mI (98) boot: End of partition table[0m
[0;32mI (103) esp_image: segment 0: paddr=00010020 vaddr=3c060020 size=1890ch (100620) map[0m
[0;32mI (129) esp_image: segment 1: paddr=00028934 vaddr=3fc99600 size=03888h ( 14472) load[0m
[0;32mI (132) esp_image: segment 2: paddr=0002c1c4 vaddr=40374000 size=03e54h ( 15956) load[0m
[0;32mI (138) esp_image: segment 3: paddr=00030020 vaddr=42000020 size=57d1ch (359708) map[0m
[0;32mI (208) esp_image: segment 4: paddr=00087d44 vaddr=40377e54 size=11758h ( 71512) load[0m
[0;32mI (232) boot: Loaded app from partition at offset 0x10000[0m
[0;32mI (233) boot: Disabling RNG early entropy source...[0m
[0;33mW (244) flash HPM: HPM mode is optional feature that depends on flash model. Read Docs First![0m
[0;33mW (244) flash HPM: HPM mode with DC adjustment is disabled. Some flash models may not be supported. Read Docs First![0m
[0;33mW (253) flash HPM: High performance mode of this flash model hasn't been supported.[0m
[0;32mI (262) MSPI Timing: Flash timing tuning index: 2[0m
[0;32mI (267) octal_psram: vendor id    : 0x0d (AP)[0m
[0;32mI (272) octal_psram: dev id       : 0x02 (generation 3)[0m
[0;32mI (278) octal_psram: density      : 0x03 (64 Mbit)[0m
[0;32mI (283) octal_psram: good-die     : 0x01 (Pass)[0m
[0;32mI (288) octal_psram: Latency      : 0x01 (Fixed)[0m
[0;32mI (294) octal_psram: VCC          : 0x01 (3V)[0m
[0;32mI (299) octal_psram: SRF          : 0x01 (Fast Refresh)[0m
[0;32mI (305) octal_psram: BurstType    : 0x01 (Hybrid Wrap)[0m
[0;32mI (310) octal_psram: BurstLen     : 0x01 (32 Byte)[0m
[0;32mI (316) octal_psram: Readlatency  : 0x02 (10 cycles@Fixed)[0m
[0;32mI (322) octal_psram: DriveStrength: 0x00 (1/1)[0m
[0;32mI (336) MSPI Timing: PSRAM timing tuning index: 2[0m
[0;32mI (336) esp_psram: Found 8MB PSRAM device[0m
[0;32mI (338) esp_psram: Speed: 120MHz[0m
[0;32mI (351) mmu_psram: Read only data copied and mapped to SPIRAM[0m
[0;32mI (381) mmu_psram: Instructions copied and mapped to SPIRAM[0m
[0;32mI (381) cpu_start: Multicore app[0m
[0;32mI (667) esp_psram: SPI SRAM memory test OK[0m
[0;32mI (676) cpu_start: Pro cpu start user code[0m
[0;32mI (676) cpu_start: cpu freq: 240000000 Hz[0m
[0;32mI (676) app_init: Application information:[0m
[0;32mI (679) app_init: Project name:     wispr[0m
[0;32mI (684) app_init: App version:      20bd362-dirty[0m
[0;32mI (689) app_init: Compile time:     Sep 19 2024 22:12:09[0m
[0;32mI (695) app_init: ELF file SHA256:  6cdf4a719...[0m
[0;32mI (700) app_init: ESP-IDF:          v5.3[0m
[0;32mI (705) efuse_init: Min chip rev:     v0.0[0m
[0;32mI (710) efuse_init: Max chip rev:     v0.99 [0m
[0;32mI (715) efuse_init: Chip rev:         v0.2[0m
[0;32mI (719) heap_init: Initializing. RAM available for dynamic allocation:[0m
[0;32mI (727) heap_init: At 3FC9DE08 len 0004B908 (302 KiB): RAM[0m
[0;32mI (733) heap_init: At 3FCE9710 len 00005724 (21 KiB): RAM[0m
[0;32mI (739) heap_init: At 3FCF0000 len 00008000 (32 KiB): DRAM[0m
[0;32mI (745) heap_init: At 600FE100 len 00001EE8 (7 KiB): RTCRAM[0m
[0;32mI (751) esp_psram: Adding pool of 7680K of PSRAM memory to heap allocator[0m
[0;32mI (759) spi_flash: detected chip: gd[0m
[0;32mI (763) spi_flash: flash io: dio[0m
[0;33mW (767) i2c: This driver is an old driver, please migrate your application code to adapt `driver/i2c_master.h`[0m
[0;32mI (778) sleep: Configure to isolate all GPIO pins in sleep state[0m
[0;32mI (784) sleep: Enable automatic switching of GPIO sleep configuration[0m
[0;32mI (792) main_task: Started on CPU0[0m
[0;32mI (802) esp_psram: Reserving pool of 32K of internal memory for DMA/internal allocations[0m
[0;32mI (805) main_task: Calling app_main()[0m
[0;32mI (813) [APP]: First boot after flashing. Setting time...[0m
[0;32mI (815) [APP]: Time set to build time: Thu Sep 19 22:12:09 2024
[0m
[0;32mI (822) [APP]: Install RGB LCD panel driver[0m
[0;32mI (843) [APP]: Register event callbacks[0m
[0;32mI (843) [APP]: Initialize RGB LCD panel[0m
[0;32mI (843) [APP]: I2C initialized successfully[0m
[0;32mI (846) gpio: GPIO[4]| InputEn: 0| OutputEn: 1| OpenDrain: 0| Pullup: 0| Pulldown: 0| Intr:0 [0m
[0;32mI (1255) [APP]: Initialize I2C[0m
[0;32mI (1256) [APP]: Initialize touch IO (I2C)[0m
[0;32mI (1256) [APP]: Initialize touch controller GT911[0m
[0;32mI (1259) GT911: TouchPad_ID:0x39,0x31,0x31[0m
[0;32mI (1263) GT911: TouchPad_Config_Version:67[0m
[0;32mI (1268) [APP]: Initialize LVGL library[0m
[0;32mI (1272) [APP]: Free PSRAM: 7070064 bytes[0m
[0;32mI (1277) [APP]: Allocate separate LVGL draw buffers from PSRAM[0m
[0;32mI (1283) [APP]: Free PSRAM AFTER buf alloc: 6910060 bytes[0m
[0;32mI (1290) [APP]: Register display driver to LVGL[0m
[0;32mI (1296) [APP]: Install LVGL tick timer[0m
[0;32mI (1299) [APP]: Create LVGL task[0m
[0;32mI (1303) [APP]: Starting LVGL task[0m
[0;32mI (1361) [APP]: Display LVGL Scatter Chart[0m
Guru Meditation Error: Core  0 panic'ed (LoadProhibited). Exception was unhandled.

Core  0 register dump:
PC      : 0x400556d5  PS      : 0x00060430  A0      : 0x8204a78d  A1      : 0x3fca1200  
A2      : 0x00000024  A3      : 0x00000020  A4      : 0x000000ff  A5      : 0x0000ff00  
A6      : 0x00ff0000  A7      : 0xff000000  A8      : 0x00000000  A9      : 0x3fca1620  
A10     : 0x00000000  A11     : 0x3fca1630  A12     : 0x00000000  A13     : 0x00000000  
A14     : 0x3fcaff30  A15     : 0x3fc9d764  SAR     : 0x0000001a  EXCCAUSE: 0x0000001c  
EXCVADDR: 0x00000024  LBEG    : 0x400556d5  LEND    : 0x400556e5  LCOUNT  : 0xffffffff  


Backtrace: 0x400556d2:0x3fca1200 0x4204a78a:0x3fca1210 0x420414df:0x3fca1530 0x4200a089:0x3fca15f0 0x42009f73:0x3fca1710 0x42057137:0x3fca1870




ELF file SHA256: 6cdf4a719

Rebooting...
ï¿½ï¿½ï¿½ESP-ROM:esp32s3-20210327
Build:Mar 27 2021
rst:0xc (RTC_SW_CPU_RST),boot:0x8 (SPI_FAST_FLASH_BOOT)
Saved PC:0x40375ef8
SPIWP:0xee
mode:DIO, clock div:1
load:0x3fce2810,len:0x178c
load:0x403c8700,len:0x4
load:0x403c8704,len:0xcb8
load:0x403cb700,len:0x2db0
entry 0x403c8914
[0;32mI (31) boot: ESP-IDF v5.3 2nd stage bootloader[0m
